Archive member included to satisfy reference by file (symbol)

c:/st/stm32cubeide_1.4.0/stm32cubeide/plugins/com.st.stm32cube.ide.mcu.externaltools.gnu-tools-for-stm32.7-2018-q2-update.win32_1.4.0.202007081208/tools/bin/../lib/gcc/arm-none-eabi/7.3.1/../../../../arm-none-eabi/lib/thumb/v7e-m/fpv4-sp/hard\libc_nano.a(lib_a-exit.o)
                              c:/st/stm32cubeide_1.4.0/stm32cubeide/plugins/com.st.stm32cube.ide.mcu.externaltools.gnu-tools-for-stm32.7-2018-q2-update.win32_1.4.0.202007081208/tools/bin/../lib/gcc/arm-none-eabi/7.3.1/../../../../arm-none-eabi/lib/thumb/v7e-m/fpv4-sp/hard/crt0.o (exit)
c:/st/stm32cubeide_1.4.0/stm32cubeide/plugins/com.st.stm32cube.ide.mcu.externaltools.gnu-tools-for-stm32.7-2018-q2-update.win32_1.4.0.202007081208/tools/bin/../lib/gcc/arm-none-eabi/7.3.1/../../../../arm-none-eabi/lib/thumb/v7e-m/fpv4-sp/hard\libc_nano.a(lib_a-impure.o)
                              c:/st/stm32cubeide_1.4.0/stm32cubeide/plugins/com.st.stm32cube.ide.mcu.externaltools.gnu-tools-for-stm32.7-2018-q2-update.win32_1.4.0.202007081208/tools/bin/../lib/gcc/arm-none-eabi/7.3.1/../../../../arm-none-eabi/lib/thumb/v7e-m/fpv4-sp/hard\libc_nano.a(lib_a-exit.o) (_global_impure_ptr)
c:/st/stm32cubeide_1.4.0/stm32cubeide/plugins/com.st.stm32cube.ide.mcu.externaltools.gnu-tools-for-stm32.7-2018-q2-update.win32_1.4.0.202007081208/tools/bin/../lib/gcc/arm-none-eabi/7.3.1/../../../../arm-none-eabi/lib/thumb/v7e-m/fpv4-sp/hard\libc_nano.a(lib_a-init.o)
                              c:/st/stm32cubeide_1.4.0/stm32cubeide/plugins/com.st.stm32cube.ide.mcu.externaltools.gnu-tools-for-stm32.7-2018-q2-update.win32_1.4.0.202007081208/tools/bin/../lib/gcc/arm-none-eabi/7.3.1/../../../../arm-none-eabi/lib/thumb/v7e-m/fpv4-sp/hard/crt0.o (__libc_init_array)
c:/st/stm32cubeide_1.4.0/stm32cubeide/plugins/com.st.stm32cube.ide.mcu.externaltools.gnu-tools-for-stm32.7-2018-q2-update.win32_1.4.0.202007081208/tools/bin/../lib/gcc/arm-none-eabi/7.3.1/../../../../arm-none-eabi/lib/thumb/v7e-m/fpv4-sp/hard\libc_nano.a(lib_a-memset.o)
                              c:/st/stm32cubeide_1.4.0/stm32cubeide/plugins/com.st.stm32cube.ide.mcu.externaltools.gnu-tools-for-stm32.7-2018-q2-update.win32_1.4.0.202007081208/tools/bin/../lib/gcc/arm-none-eabi/7.3.1/../../../../arm-none-eabi/lib/thumb/v7e-m/fpv4-sp/hard/crt0.o (memset)
c:/st/stm32cubeide_1.4.0/stm32cubeide/plugins/com.st.stm32cube.ide.mcu.externaltools.gnu-tools-for-stm32.7-2018-q2-update.win32_1.4.0.202007081208/tools/bin/../lib/gcc/arm-none-eabi/7.3.1/../../../../arm-none-eabi/lib/thumb/v7e-m/fpv4-sp/hard\libc_nano.a(lib_a-strlen.o)
                              Core/Src/main.o (strlen)
c:/st/stm32cubeide_1.4.0/stm32cubeide/plugins/com.st.stm32cube.ide.mcu.externaltools.gnu-tools-for-stm32.7-2018-q2-update.win32_1.4.0.202007081208/tools/bin/../lib/gcc/arm-none-eabi/7.3.1/../../../../arm-none-eabi/lib/thumb/v7e-m/fpv4-sp/hard\libnosys.a(_exit.o)
                              c:/st/stm32cubeide_1.4.0/stm32cubeide/plugins/com.st.stm32cube.ide.mcu.externaltools.gnu-tools-for-stm32.7-2018-q2-update.win32_1.4.0.202007081208/tools/bin/../lib/gcc/arm-none-eabi/7.3.1/../../../../arm-none-eabi/lib/thumb/v7e-m/fpv4-sp/hard\libc_nano.a(lib_a-exit.o) (_exit)

Allocating common symbols
Common symbol       size              file

fre_clust           0x4               Core/Src/main.o
USERPath            0x4               FATFS/App/fatfs.o
fs                  0x1030            Core/Src/main.o
msg                 0x8c              Core/Src/main.o
uwTick              0x4               Drivers/STM32F3xx_HAL_Driver/Src/stm32f3xx_hal.o
br                  0x4               Core/Src/main.o
pFlash              0x20              Drivers/STM32F3xx_HAL_Driver/Src/stm32f3xx_hal_flash.o
hspi3               0x64              Core/Src/main.o
free_space          0x4               Core/Src/main.o
retUSER             0x1               FATFS/App/fatfs.o
bw                  0x4               Core/Src/main.o
Timer2              0x2               Core/Src/fatfs_sd.o
pfs                 0x4               Core/Src/main.o
fresult             0x1               Core/Src/main.o
huart2              0x80              Core/Src/main.o
total               0x4               Core/Src/main.o
Timer1              0x2               Core/Src/fatfs_sd.o
fil                 0x102c            Core/Src/main.o
USERFile            0x102c            FATFS/App/fatfs.o
USERFatFS           0x1030            FATFS/App/fatfs.o

Discarded input sections

 .text          0x0000000000000000        0x0 c:/st/stm32cubeide_1.4.0/stm32cubeide/plugins/com.st.stm32cube.ide.mcu.externaltools.gnu-tools-for-stm32.7-2018-q2-update.win32_1.4.0.202007081208/tools/bin/../lib/gcc/arm-none-eabi/7.3.1/thumb/v7e-m/fpv4-sp/hard/crti.o
[...]
Memory Configuration

Name             Origin             Length             Attributes
RAM              0x0000000020000000 0x0000000000004000 xrw
FLASH            0x0000000008000000 0x0000000000010000 xr
*default*        0x0000000000000000 0xffffffffffffffff

Linker script and memory map

LOAD c:/st/stm32cubeide_1.4.0/stm32cubeide/plugins/com.st.stm32cube.ide.mcu.externaltools.gnu-tools-for-stm32.7-2018-q2-update.win32_1.4.0.202007081208/tools/bin/../lib/gcc/arm-none-eabi/7.3.1/thumb/v7e-m/fpv4-sp/hard/crti.o
LOAD c:/st/stm32cubeide_1.4.0/stm32cubeide/plugins/com.st.stm32cube.ide.mcu.externaltools.gnu-tools-for-stm32.7-2018-q2-update.win32_1.4.0.202007081208/tools/bin/../lib/gcc/arm-none-eabi/7.3.1/thumb/v7e-m/fpv4-sp/hard/crtbegin.o
LOAD c:/st/stm32cubeide_1.4.0/stm32cubeide/plugins/com.st.stm32cube.ide.mcu.externaltools.gnu-tools-for-stm32.7-2018-q2-update.win32_1.4.0.202007081208/tools/bin/../lib/gcc/arm-none-eabi/7.3.1/../../../../arm-none-eabi/lib/thumb/v7e-m/fpv4-sp/hard/crt0.o
LOAD Core/Src/fatfs_sd.o
LOAD Core/Src/main.o
LOAD Core/Src/stm32f3xx_hal_msp.o
LOAD Core/Src/stm32f3xx_it.o
LOAD Core/Src/system_stm32f3xx.o
LOAD Drivers/STM32F3xx_HAL_Driver/Src/stm32f3xx_hal.o
LOAD Drivers/STM32F3xx_HAL_Driver/Src/stm32f3xx_hal_cortex.o
LOAD Drivers/STM32F3xx_HAL_Driver/Src/stm32f3xx_hal_dma.o
LOAD Drivers/STM32F3xx_HAL_Driver/Src/stm32f3xx_hal_exti.o
LOAD Drivers/STM32F3xx_HAL_Driver/Src/stm32f3xx_hal_flash.o
LOAD Drivers/STM32F3xx_HAL_Driver/Src/stm32f3xx_hal_flash_ex.o
LOAD Drivers/STM32F3xx_HAL_Driver/Src/stm32f3xx_hal_gpio.o
LOAD Drivers/STM32F3xx_HAL_Driver/Src/stm32f3xx_hal_i2c.o
LOAD Drivers/STM32F3xx_HAL_Driver/Src/stm32f3xx_hal_i2c_ex.o
LOAD Drivers/STM32F3xx_HAL_Driver/Src/stm32f3xx_hal_pwr.o
LOAD Drivers/STM32F3xx_HAL_Driver/Src/stm32f3xx_hal_pwr_ex.o
LOAD Drivers/STM32F3xx_HAL_Driver/Src/stm32f3xx_hal_rcc.o
LOAD Drivers/STM32F3xx_HAL_Driver/Src/stm32f3xx_hal_rcc_ex.o
LOAD Drivers/STM32F3xx_HAL_Driver/Src/stm32f3xx_hal_spi.o
LOAD Drivers/STM32F3xx_HAL_Driver/Src/stm32f3xx_hal_spi_ex.o
LOAD Drivers/STM32F3xx_HAL_Driver/Src/stm32f3xx_hal_tim.o
LOAD Drivers/STM32F3xx_HAL_Driver/Src/stm32f3xx_hal_tim_ex.o
LOAD Drivers/STM32F3xx_HAL_Driver/Src/stm32f3xx_hal_uart.o
LOAD Drivers/STM32F3xx_HAL_Driver/Src/stm32f3xx_hal_uart_ex.o
LOAD FATFS/App/fatfs.o
LOAD FATFS/Target/user_diskio.o
LOAD Middlewares/Third_Party/FatFs/src/diskio.o
LOAD Middlewares/Third_Party/FatFs/src/ff.o
LOAD Middlewares/Third_Party/FatFs/src/ff_gen_drv.o
LOAD Middlewares/Third_Party/FatFs/src/option/ccsbcs.o
LOAD Middlewares/Third_Party/FatFs/src/option/syscall.o
START GROUP
LOAD c:/st/stm32cubeide_1.4.0/stm32cubeide/plugins/com.st.stm32cube.ide.mcu.externaltools.gnu-tools-for-stm32.7-2018-q2-update.win32_1.4.0.202007081208/tools/bin/../lib/gcc/arm-none-eabi/7.3.1/../../../../arm-none-eabi/lib/thumb/v7e-m/fpv4-sp/hard\libc_nano.a
LOAD c:/st/stm32cubeide_1.4.0/stm32cubeide/plugins/com.st.stm32cube.ide.mcu.externaltools.gnu-tools-for-stm32.7-2018-q2-update.win32_1.4.0.202007081208/tools/bin/../lib/gcc/arm-none-eabi/7.3.1/../../../../arm-none-eabi/lib/thumb/v7e-m/fpv4-sp/hard\libm.a
END GROUP
START GROUP
LOAD c:/st/stm32cubeide_1.4.0/stm32cubeide/plugins/com.st.stm32cube.ide.mcu.externaltools.gnu-tools-for-stm32.7-2018-q2-update.win32_1.4.0.202007081208/tools/bin/../lib/gcc/arm-none-eabi/7.3.1/thumb/v7e-m/fpv4-sp/hard\libgcc.a
LOAD c:/st/stm32cubeide_1.4.0/stm32cubeide/plugins/com.st.stm32cube.ide.mcu.externaltools.gnu-tools-for-stm32.7-2018-q2-update.win32_1.4.0.202007081208/tools/bin/../lib/gcc/arm-none-eabi/7.3.1/../../../../arm-none-eabi/lib/thumb/v7e-m/fpv4-sp/hard\libc_nano.a
END GROUP
START GROUP
LOAD c:/st/stm32cubeide_1.4.0/stm32cubeide/plugins/com.st.stm32cube.ide.mcu.externaltools.gnu-tools-for-stm32.7-2018-q2-update.win32_1.4.0.202007081208/tools/bin/../lib/gcc/arm-none-eabi/7.3.1/thumb/v7e-m/fpv4-sp/hard\libgcc.a
LOAD c:/st/stm32cubeide_1.4.0/stm32cubeide/plugins/com.st.stm32cube.ide.mcu.externaltools.gnu-tools-for-stm32.7-2018-q2-update.win32_1.4.0.202007081208/tools/bin/../lib/gcc/arm-none-eabi/7.3.1/../../../../arm-none-eabi/lib/thumb/v7e-m/fpv4-sp/hard\libc_nano.a
LOAD c:/st/stm32cubeide_1.4.0/stm32cubeide/plugins/com.st.stm32cube.ide.mcu.externaltools.gnu-tools-for-stm32.7-2018-q2-update.win32_1.4.0.202007081208/tools/bin/../lib/gcc/arm-none-eabi/7.3.1/../../../../arm-none-eabi/lib/thumb/v7e-m/fpv4-sp/hard\libnosys.a
END GROUP
START GROUP
LOAD c:/st/stm32cubeide_1.4.0/stm32cubeide/plugins/com.st.stm32cube.ide.mcu.externaltools.gnu-tools-for-stm32.7-2018-q2-update.win32_1.4.0.202007081208/tools/bin/../lib/gcc/arm-none-eabi/7.3.1/thumb/v7e-m/fpv4-sp/hard\libgcc.a
LOAD c:/st/stm32cubeide_1.4.0/stm32cubeide/plugins/com.st.stm32cube.ide.mcu.externaltools.gnu-tools-for-stm32.7-2018-q2-update.win32_1.4.0.202007081208/tools/bin/../lib/gcc/arm-none-eabi/7.3.1/../../../../arm-none-eabi/lib/thumb/v7e-m/fpv4-sp/hard\libc_nano.a
LOAD c:/st/stm32cubeide_1.4.0/stm32cubeide/plugins/com.st.stm32cube.ide.mcu.externaltools.gnu-tools-for-stm32.7-2018-q2-update.win32_1.4.0.202007081208/tools/bin/../lib/gcc/arm-none-eabi/7.3.1/../../../../arm-none-eabi/lib/thumb/v7e-m/fpv4-sp/hard\libnosys.a
END GROUP
LOAD c:/st/stm32cubeide_1.4.0/stm32cubeide/plugins/com.st.stm32cube.ide.mcu.externaltools.gnu-tools-for-stm32.7-2018-q2-update.win32_1.4.0.202007081208/tools/bin/../lib/gcc/arm-none-eabi/7.3.1/thumb/v7e-m/fpv4-sp/hard/crtend.o
LOAD c:/st/stm32cubeide_1.4.0/stm32cubeide/plugins/com.st.stm32cube.ide.mcu.externaltools.gnu-tools-for-stm32.7-2018-q2-update.win32_1.4.0.202007081208/tools/bin/../lib/gcc/arm-none-eabi/7.3.1/thumb/v7e-m/fpv4-sp/hard/crtn.o
                0x0000000020004000                _estack = (ORIGIN (RAM) + LENGTH (RAM))
                0x0000000000000200                _Min_Heap_Size = 0x200
                0x0000000000000400                _Min_Stack_Size = 0x400

.isr_vector     0x0000000008000000        0x0
                0x0000000008000000                . = ALIGN (0x4)
 *(.isr_vector)
                0x0000000008000000                . = ALIGN (0x4)

.text           0x0000000008000000       0x58
                0x0000000008000000                . = ALIGN (0x4)
 *(.text)
 .text          0x0000000008000000       0x40 c:/st/stm32cubeide_1.4.0/stm32cubeide/plugins/com.st.stm32cube.ide.mcu.externaltools.gnu-tools-for-stm32.7-2018-q2-update.win32_1.4.0.202007081208/tools/bin/../lib/gcc/arm-none-eabi/7.3.1/thumb/v7e-m/fpv4-sp/hard/crtbegin.o
 *(.text*)
 *(.glue_7)
 .glue_7        0x0000000008000040        0x0 linker stubs
 *(.glue_7t)
 .glue_7t       0x0000000008000040        0x0 linker stubs
 *(.eh_frame)
 .eh_frame      0x0000000008000040        0x0 c:/st/stm32cubeide_1.4.0/stm32cubeide/plugins/com.st.stm32cube.ide.mcu.externaltools.gnu-tools-for-stm32.7-2018-q2-update.win32_1.4.0.202007081208/tools/bin/../lib/gcc/arm-none-eabi/7.3.1/thumb/v7e-m/fpv4-sp/hard/crtbegin.o
 *(.init)
 .init          0x0000000008000040        0x4 c:/st/stm32cubeide_1.4.0/stm32cubeide/plugins/com.st.stm32cube.ide.mcu.externaltools.gnu-tools-for-stm32.7-2018-q2-update.win32_1.4.0.202007081208/tools/bin/../lib/gcc/arm-none-eabi/7.3.1/thumb/v7e-m/fpv4-sp/hard/crti.o
                0x0000000008000040                _init
 .init          0x0000000008000044        0x8 c:/st/stm32cubeide_1.4.0/stm32cubeide/plugins/com.st.stm32cube.ide.mcu.externaltools.gnu-tools-for-stm32.7-2018-q2-update.win32_1.4.0.202007081208/tools/bin/../lib/gcc/arm-none-eabi/7.3.1/thumb/v7e-m/fpv4-sp/hard/crtn.o
 *(.fini)
 .fini          0x000000000800004c        0x4 c:/st/stm32cubeide_1.4.0/stm32cubeide/plugins/com.st.stm32cube.ide.mcu.externaltools.gnu-tools-for-stm32.7-2018-q2-update.win32_1.4.0.202007081208/tools/bin/../lib/gcc/arm-none-eabi/7.3.1/thumb/v7e-m/fpv4-sp/hard/crti.o
                0x000000000800004c                _fini
 .fini          0x0000000008000050        0x8 c:/st/stm32cubeide_1.4.0/stm32cubeide/plugins/com.st.stm32cube.ide.mcu.externaltools.gnu-tools-for-stm32.7-2018-q2-update.win32_1.4.0.202007081208/tools/bin/../lib/gcc/arm-none-eabi/7.3.1/thumb/v7e-m/fpv4-sp/hard/crtn.o
                0x0000000008000058                . = ALIGN (0x4)
                0x0000000008000058                _etext = .

.vfp11_veneer   0x0000000008000058        0x0
 .vfp11_veneer  0x0000000008000058        0x0 linker stubs

.v4_bx          0x0000000008000058        0x0
 .v4_bx         0x0000000008000058        0x0 linker stubs

.iplt           0x0000000008000058        0x0
 .iplt          0x0000000008000058        0x0 c:/st/stm32cubeide_1.4.0/stm32cubeide/plugins/com.st.stm32cube.ide.mcu.externaltools.gnu-tools-for-stm32.7-2018-q2-update.win32_1.4.0.202007081208/tools/bin/../lib/gcc/arm-none-eabi/7.3.1/thumb/v7e-m/fpv4-sp/hard/crtbegin.o

.rel.dyn        0x0000000008000058        0x0
 .rel.iplt      0x0000000008000058        0x0 c:/st/stm32cubeide_1.4.0/stm32cubeide/plugins/com.st.stm32cube.ide.mcu.externaltools.gnu-tools-for-stm32.7-2018-q2-update.win32_1.4.0.202007081208/tools/bin/../lib/gcc/arm-none-eabi/7.3.1/thumb/v7e-m/fpv4-sp/hard/crtbegin.o

.rodata         0x0000000008000058        0x0
                0x0000000008000058                . = ALIGN (0x4)
 *(.rodata)
 *(.rodata*)
                0x0000000008000058                . = ALIGN (0x4)

.ARM.extab      0x0000000008000058        0x0
                0x0000000008000058                . = ALIGN (0x4)
 *(.ARM.extab* .gnu.linkonce.armextab.*)
                0x0000000008000058                . = ALIGN (0x4)

.ARM            0x0000000008000058        0x0
                0x0000000008000058                . = ALIGN (0x4)
                0x0000000008000058                __exidx_start = .
 *(.ARM.exidx*)
                0x0000000008000058                __exidx_end = .
                0x0000000008000058                . = ALIGN (0x4)

.preinit_array  0x0000000008000058        0x0
                0x0000000008000058                . = ALIGN (0x4)
                0x0000000008000058                PROVIDE (__preinit_array_start = .)
 *(.preinit_array*)
                0x0000000008000058                PROVIDE (__preinit_array_end = .)
                0x0000000008000058                . = ALIGN (0x4)

.init_array     0x0000000008000058        0x4
                0x0000000008000058                . = ALIGN (0x4)
                0x0000000008000058                PROVIDE (__init_array_start = .)
 *(SORT_BY_NAME(.init_array.*))
 *(.init_array*)
 .init_array    0x0000000008000058        0x4 c:/st/stm32cubeide_1.4.0/stm32cubeide/plugins/com.st.stm32cube.ide.mcu.externaltools.gnu-tools-for-stm32.7-2018-q2-update.win32_1.4.0.202007081208/tools/bin/../lib/gcc/arm-none-eabi/7.3.1/thumb/v7e-m/fpv4-sp/hard/crtbegin.o
                0x000000000800005c                PROVIDE (__init_array_end = .)
                0x000000000800005c                . = ALIGN (0x4)

.fini_array     0x000000000800005c        0x4
                0x000000000800005c                . = ALIGN (0x4)
                [!provide]                        PROVIDE (__fini_array_start = .)
 *(SORT_BY_NAME(.fini_array.*))
 *(.fini_array*)
 .fini_array    0x000000000800005c        0x4 c:/st/stm32cubeide_1.4.0/stm32cubeide/plugins/com.st.stm32cube.ide.mcu.externaltools.gnu-tools-for-stm32.7-2018-q2-update.win32_1.4.0.202007081208/tools/bin/../lib/gcc/arm-none-eabi/7.3.1/thumb/v7e-m/fpv4-sp/hard/crtbegin.o
                [!provide]                        PROVIDE (__fini_array_end = .)
                0x0000000008000060                . = ALIGN (0x4)
                0x0000000008000060                _sidata = LOADADDR (.data)

.data           0x0000000020000000        0x0 load address 0x0000000008000060
                0x0000000020000000                . = ALIGN (0x4)
                0x0000000020000000                _sdata = .
 *(.data)
 *(.data*)
                0x0000000020000000                . = ALIGN (0x4)
                0x0000000020000000                _edata = .

.igot.plt       0x0000000020000000        0x0 load address 0x0000000008000060
 .igot.plt      0x0000000020000000        0x0 c:/st/stm32cubeide_1.4.0/stm32cubeide/plugins/com.st.stm32cube.ide.mcu.externaltools.gnu-tools-for-stm32.7-2018-q2-update.win32_1.4.0.202007081208/tools/bin/../lib/gcc/arm-none-eabi/7.3.1/thumb/v7e-m/fpv4-sp/hard/crtbegin.o
                0x0000000020000000                . = ALIGN (0x4)

.bss            0x0000000020000000       0x1c load address 0x0000000008000060
                0x0000000020000000                _sbss = .
                0x0000000020000000                __bss_start__ = _sbss
 *(.bss)
 .bss           0x0000000020000000       0x1c c:/st/stm32cubeide_1.4.0/stm32cubeide/plugins/com.st.stm32cube.ide.mcu.externaltools.gnu-tools-for-stm32.7-2018-q2-update.win32_1.4.0.202007081208/tools/bin/../lib/gcc/arm-none-eabi/7.3.1/thumb/v7e-m/fpv4-sp/hard/crtbegin.o
 *(.bss*)
 *(COMMON)
                0x000000002000001c                . = ALIGN (0x4)
                0x000000002000001c                _ebss = .
                0x000000002000001c                __bss_end__ = _ebss

._user_heap_stack
                0x000000002000001c      0x604 load address 0x0000000008000060
                0x0000000020000020                . = ALIGN (0x8)
 *fill*         0x000000002000001c        0x4 
                [!provide]                        PROVIDE (end = .)
                [!provide]                        PROVIDE (_end = .)
                0x0000000020000220                . = (. + _Min_Heap_Size)
 *fill*         0x0000000020000020      0x200 
                0x0000000020000620                . = (. + _Min_Stack_Size)
 *fill*         0x0000000020000220      0x400 
                0x0000000020000620                . = ALIGN (0x8)

/DISCARD/
 libc.a(*)
 libm.a(*)
 libgcc.a(*)

.ARM.attributes
                0x0000000000000000       0x30
 *(.ARM.attributes)
 .ARM.attributes
                0x0000000000000000       0x22 c:/st/stm32cubeide_1.4.0/stm32cubeide/plugins/com.st.stm32cube.ide.mcu.externaltools.gnu-tools-for-stm32.7-2018-q2-update.win32_1.4.0.202007081208/tools/bin/../lib/gcc/arm-none-eabi/7.3.1/thumb/v7e-m/fpv4-sp/hard/crti.o
 .ARM.attributes
                0x0000000000000022       0x34 c:/st/stm32cubeide_1.4.0/stm32cubeide/plugins/com.st.stm32cube.ide.mcu.externaltools.gnu-tools-for-stm32.7-2018-q2-update.win32_1.4.0.202007081208/tools/bin/../lib/gcc/arm-none-eabi/7.3.1/thumb/v7e-m/fpv4-sp/hard/crtbegin.o
 .ARM.attributes
                0x0000000000000056       0x22 c:/st/stm32cubeide_1.4.0/stm32cubeide/plugins/com.st.stm32cube.ide.mcu.externaltools.gnu-tools-for-stm32.7-2018-q2-update.win32_1.4.0.202007081208/tools/bin/../lib/gcc/arm-none-eabi/7.3.1/thumb/v7e-m/fpv4-sp/hard/crtn.o
OUTPUT(SD-SPI.elf elf32-littlearm)
