ili9488.c:280:6:ili9488_Init	8	static
ili9488.c:336:6:ili9488_DisplayOn	8	static
ili9488.c:350:6:ili9488_DisplayOff	8	static
ili9488.c:364:10:ili9488_GetLcdPixelWidth	4	static
ili9488.c:375:10:ili9488_GetLcdPixelHeight	4	static
ili9488.c:386:10:ili9488_ReadID	16	static
ili9488.c:418:6:ili9488_SetCursor	16	static
ili9488.c:428:13:ili9488_write16to24	16	static
ili9488.c:444:6:ili9488_WritePixel	16	static
ili9488.c:463:10:ili9488_ReadPixel	24	static
ili9488.c:487:6:ili9488_SetDisplayWindow	24	static
ili9488.c:523:6:ili9488_DrawHLine	32	static
ili9488.c:537:6:ili9488_DrawVLine	32	static
ili9488.c:552:6:ili9488_FillRect	32	static
ili9488.c:576:6:ili9488_DrawBitmap	24	static
ili9488.c:621:6:ili9488_DrawRGBImage	32	static
ili9488.c:653:6:ili9488_ReadRGBImage	32	static
ili9488.c:675:6:ili9488_Scroll	16	static
