lcd_io_spi.c:463:13:LcdDirRead	16	static
lcd_io_spi.c:477:13:LcdDirWrite	4	static
lcd_io_spi.c:486:13:LcdWrite8	16	static
lcd_io_spi.c:495:16:LcdRead8	16	static
lcd_io_spi.c:506:13:LcdCmdWrite8	16	static
lcd_io_spi.c:517:13:LcdWrite16	16	static
lcd_io_spi.c:526:17:LcdRead16	16	static
lcd_io_spi.c:537:13:LcdCmdWrite16	16	static
lcd_io_spi.c:599:6:LCD_IO_WriteMultiData8	24	static
lcd_io_spi.c:611:6:LCD_IO_WriteMultiData16	24	static
lcd_io_spi.c:782:6:LCD_IO_ReadMultiData8	24	static
lcd_io_spi.c:796:6:LCD_IO_ReadMultiData16	24	static
lcd_io_spi.c:810:6:LCD_IO_ReadMultiData16to24	24	static
lcd_io_spi.c:1003:6:LCD_IO_Delay	16	static
lcd_io_spi.c:1016:6:LCD_Delay	16	static
lcd_io_spi.c:1022:6:LCD_IO_Bl_OnOff	16	static
lcd_io_spi.c:1041:6:LCD_IO_Init	8	static
lcd_io_spi.c:1173:6:LCD_IO_WriteCmd8	16	static
lcd_io_spi.c:1183:6:LCD_IO_WriteCmd16	16	static
lcd_io_spi.c:1193:6:LCD_IO_WriteData8	16	static
lcd_io_spi.c:1203:6:LCD_IO_WriteData16	16	static
lcd_io_spi.c:1213:6:LCD_IO_WriteCmd8DataFill16	16	static
lcd_io_spi.c:1224:6:LCD_IO_WriteCmd8MultipleData8	24	static
lcd_io_spi.c:1234:6:LCD_IO_WriteCmd8MultipleData16	24	static
lcd_io_spi.c:1245:6:LCD_IO_WriteCmd16DataFill16	16	static
lcd_io_spi.c:1255:6:LCD_IO_WriteCmd16MultipleData8	24	static
lcd_io_spi.c:1266:6:LCD_IO_WriteCmd16MultipleData16	24	static
lcd_io_spi.c:1285:6:LCD_IO_ReadCmd8MultipleData8	24	static
lcd_io_spi.c:1298:6:LCD_IO_ReadCmd8MultipleData16	24	static
lcd_io_spi.c:1312:6:LCD_IO_ReadCmd8MultipleData24to16	24	static
lcd_io_spi.c:1325:6:LCD_IO_ReadCmd16MultipleData8	24	static
lcd_io_spi.c:1339:6:LCD_IO_ReadCmd16MultipleData16	24	static
lcd_io_spi.c:1352:6:LCD_IO_ReadCmd16MultipleData24to16	24	static
