Archive member included to satisfy reference by file (symbol)

c:/st/stm32cubeide_1.4.0/stm32cubeide/plugins/com.st.stm32cube.ide.mcu.externaltools.gnu-tools-for-stm32.7-2018-q2-update.win32_1.5.0.202011040924/tools/bin/../lib/gcc/arm-none-eabi/7.3.1/../../../../arm-none-eabi/lib/thumb/v7e-m/fpv4-sp/hard\libc_nano.a(lib_a-errno.o)
                              Core/Src/syscalls.o (__errno)
c:/st/stm32cubeide_1.4.0/stm32cubeide/plugins/com.st.stm32cube.ide.mcu.externaltools.gnu-tools-for-stm32.7-2018-q2-update.win32_1.5.0.202011040924/tools/bin/../lib/gcc/arm-none-eabi/7.3.1/../../../../arm-none-eabi/lib/thumb/v7e-m/fpv4-sp/hard\libc_nano.a(lib_a-exit.o)
                              c:/st/stm32cubeide_1.4.0/stm32cubeide/plugins/com.st.stm32cube.ide.mcu.externaltools.gnu-tools-for-stm32.7-2018-q2-update.win32_1.5.0.202011040924/tools/bin/../lib/gcc/arm-none-eabi/7.3.1/../../../../arm-none-eabi/lib/thumb/v7e-m/fpv4-sp/hard/crt0.o (exit)
c:/st/stm32cubeide_1.4.0/stm32cubeide/plugins/com.st.stm32cube.ide.mcu.externaltools.gnu-tools-for-stm32.7-2018-q2-update.win32_1.5.0.202011040924/tools/bin/../lib/gcc/arm-none-eabi/7.3.1/../../../../arm-none-eabi/lib/thumb/v7e-m/fpv4-sp/hard\libc_nano.a(lib_a-impure.o)
                              c:/st/stm32cubeide_1.4.0/stm32cubeide/plugins/com.st.stm32cube.ide.mcu.externaltools.gnu-tools-for-stm32.7-2018-q2-update.win32_1.5.0.202011040924/tools/bin/../lib/gcc/arm-none-eabi/7.3.1/../../../../arm-none-eabi/lib/thumb/v7e-m/fpv4-sp/hard\libc_nano.a(lib_a-exit.o) (_global_impure_ptr)
c:/st/stm32cubeide_1.4.0/stm32cubeide/plugins/com.st.stm32cube.ide.mcu.externaltools.gnu-tools-for-stm32.7-2018-q2-update.win32_1.5.0.202011040924/tools/bin/../lib/gcc/arm-none-eabi/7.3.1/../../../../arm-none-eabi/lib/thumb/v7e-m/fpv4-sp/hard\libc_nano.a(lib_a-init.o)
                              c:/st/stm32cubeide_1.4.0/stm32cubeide/plugins/com.st.stm32cube.ide.mcu.externaltools.gnu-tools-for-stm32.7-2018-q2-update.win32_1.5.0.202011040924/tools/bin/../lib/gcc/arm-none-eabi/7.3.1/../../../../arm-none-eabi/lib/thumb/v7e-m/fpv4-sp/hard/crt0.o (__libc_init_array)
c:/st/stm32cubeide_1.4.0/stm32cubeide/plugins/com.st.stm32cube.ide.mcu.externaltools.gnu-tools-for-stm32.7-2018-q2-update.win32_1.5.0.202011040924/tools/bin/../lib/gcc/arm-none-eabi/7.3.1/../../../../arm-none-eabi/lib/thumb/v7e-m/fpv4-sp/hard\libc_nano.a(lib_a-memset.o)
                              c:/st/stm32cubeide_1.4.0/stm32cubeide/plugins/com.st.stm32cube.ide.mcu.externaltools.gnu-tools-for-stm32.7-2018-q2-update.win32_1.5.0.202011040924/tools/bin/../lib/gcc/arm-none-eabi/7.3.1/../../../../arm-none-eabi/lib/thumb/v7e-m/fpv4-sp/hard/crt0.o (memset)
c:/st/stm32cubeide_1.4.0/stm32cubeide/plugins/com.st.stm32cube.ide.mcu.externaltools.gnu-tools-for-stm32.7-2018-q2-update.win32_1.5.0.202011040924/tools/bin/../lib/gcc/arm-none-eabi/7.3.1/../../../../arm-none-eabi/lib/thumb/v7e-m/fpv4-sp/hard\libc_nano.a(lib_a-nano-vfprintf_float.o)
                              (_printf_float)
c:/st/stm32cubeide_1.4.0/stm32cubeide/plugins/com.st.stm32cube.ide.mcu.externaltools.gnu-tools-for-stm32.7-2018-q2-update.win32_1.5.0.202011040924/tools/bin/../lib/gcc/arm-none-eabi/7.3.1/../../../../arm-none-eabi/lib/thumb/v7e-m/fpv4-sp/hard\libc_nano.a(lib_a-nano-vfprintf_i.o)
                              c:/st/stm32cubeide_1.4.0/stm32cubeide/plugins/com.st.stm32cube.ide.mcu.externaltools.gnu-tools-for-stm32.7-2018-q2-update.win32_1.5.0.202011040924/tools/bin/../lib/gcc/arm-none-eabi/7.3.1/../../../../arm-none-eabi/lib/thumb/v7e-m/fpv4-sp/hard\libc_nano.a(lib_a-nano-vfprintf_float.o) (_printf_common)
c:/st/stm32cubeide_1.4.0/stm32cubeide/plugins/com.st.stm32cube.ide.mcu.externaltools.gnu-tools-for-stm32.7-2018-q2-update.win32_1.5.0.202011040924/tools/bin/../lib/gcc/arm-none-eabi/7.3.1/../../../../arm-none-eabi/lib/thumb/v7e-m/fpv4-sp/hard\libc_nano.a(lib_a-nano-vfscanf_float.o)
                              (_scanf_float)
c:/st/stm32cubeide_1.4.0/stm32cubeide/plugins/com.st.stm32cube.ide.mcu.externaltools.gnu-tools-for-stm32.7-2018-q2-update.win32_1.5.0.202011040924/tools/bin/../lib/gcc/arm-none-eabi/7.3.1/../../../../arm-none-eabi/lib/thumb/v7e-m/fpv4-sp/hard\libc_nano.a(lib_a-sf_nan.o)
                              c:/st/stm32cubeide_1.4.0/stm32cubeide/plugins/com.st.stm32cube.ide.mcu.externaltools.gnu-tools-for-stm32.7-2018-q2-update.win32_1.5.0.202011040924/tools/bin/../lib/gcc/arm-none-eabi/7.3.1/../../../../arm-none-eabi/lib/thumb/v7e-m/fpv4-sp/hard\libc_nano.a(lib_a-nano-vfscanf_float.o) (nanf)
c:/st/stm32cubeide_1.4.0/stm32cubeide/plugins/com.st.stm32cube.ide.mcu.externaltools.gnu-tools-for-stm32.7-2018-q2-update.win32_1.5.0.202011040924/tools/bin/../lib/gcc/arm-none-eabi/7.3.1/../../../../arm-none-eabi/lib/thumb/v7e-m/fpv4-sp/hard\libc_nano.a(lib_a-sprintf.o)
                              Core/Src/gui.o (sprintf)
[...]
Memory Configuration

Name             Origin             Length             Attributes
RAM              0x0000000020000000 0x000000000000a000 xrw
FLASH            0x0000000008000000 0x0000000000040000 xr
*default*        0x0000000000000000 0xffffffffffffffff

Linker script and memory map

LOAD c:/st/stm32cubeide_1.4.0/stm32cubeide/plugins/com.st.stm32cube.ide.mcu.externaltools.gnu-tools-for-stm32.7-2018-q2-update.win32_1.5.0.202011040924/tools/bin/../lib/gcc/arm-none-eabi/7.3.1/thumb/v7e-m/fpv4-sp/hard/crti.o
LOAD c:/st/stm32cubeide_1.4.0/stm32cubeide/plugins/com.st.stm32cube.ide.mcu.externaltools.gnu-tools-for-stm32.7-2018-q2-update.win32_1.5.0.202011040924/tools/bin/../lib/gcc/arm-none-eabi/7.3.1/thumb/v7e-m/fpv4-sp/hard/crtbegin.o
LOAD c:/st/stm32cubeide_1.4.0/stm32cubeide/plugins/com.st.stm32cube.ide.mcu.externaltools.gnu-tools-for-stm32.7-2018-q2-update.win32_1.5.0.202011040924/tools/bin/../lib/gcc/arm-none-eabi/7.3.1/../../../../arm-none-eabi/lib/thumb/v7e-m/fpv4-sp/hard/crt0.o
LOAD Core/Src/Lcd/Fonts/Icons/Lightning.o
LOAD Core/Src/Lcd/Fonts/Icons/Thermometer.o
LOAD Core/Src/Lcd/Fonts/Legacy/font12.o
LOAD Core/Src/Lcd/Fonts/Legacy/font16.o
LOAD Core/Src/Lcd/Fonts/Legacy/font20.o
LOAD Core/Src/Lcd/Fonts/Legacy/font24.o
LOAD Core/Src/Lcd/Fonts/Legacy/font32.o
LOAD Core/Src/Lcd/Fonts/Legacy/font8.o
LOAD Core/Src/Lcd/Fonts/Roboto/Black/RobotoBlack24.o
LOAD Core/Src/Lcd/Fonts/Roboto/Black/RobotoBlack26.o
LOAD Core/Src/Lcd/Fonts/Roboto/Black/RobotoBlack27.o
LOAD Core/Src/Lcd/Fonts/Roboto/Black/RobotoBlack28.o
LOAD Core/Src/Lcd/Fonts/Roboto/Black/RobotoBlack30.o
LOAD Core/Src/Lcd/Fonts/Roboto/Black/RobotoBlack32.o
LOAD Core/Src/Lcd/Fonts/Roboto/Black/RobotoBlack34.o
LOAD Core/Src/Lcd/Fonts/Roboto/Black/RobotoBlack36.o
LOAD Core/Src/Lcd/Fonts/Roboto/Medium/RobotoMedium22.o
LOAD Core/Src/Lcd/Fonts/Roboto/Medium/RobotoMedium24.o
LOAD Core/Src/Lcd/Fonts/Roboto/Medium/RobotoMedium26.o
LOAD Core/Src/Lcd/Fonts/Roboto/Medium/RobotoMedium28.o
LOAD Core/Src/Lcd/Fonts/Roboto/Medium/RobotoMedium32.o
LOAD Core/Src/Lcd/Fonts/Roboto/Medium/RobotoMedium34.o
LOAD Core/Src/Lcd/Fonts/Roboto/Medium/RobotoMedium36.o
LOAD Core/Src/Lcd/ili9488.o
LOAD Core/Src/Lcd/lcd_io_spi.o
LOAD Core/Src/Lcd/stm32_adafruit_lcd.o
LOAD Core/Src/can.o
LOAD Core/Src/car_settings.o
LOAD Core/Src/gpio.o
LOAD Core/Src/gui.o
LOAD Core/Src/main.o
LOAD Core/Src/spi.o
LOAD Core/Src/stm32f3xx_hal_msp.o
LOAD Core/Src/stm32f3xx_it.o
LOAD Core/Src/syscalls.o
LOAD Core/Src/sysmem.o
LOAD Core/Src/system_stm32f3xx.o
LOAD Core/Src/usart.o
LOAD Core/Startup/startup_stm32f302rctx.o
LOAD Drivers/STM32F3xx_HAL_Driver/Src/stm32f3xx_hal.o
LOAD Drivers/STM32F3xx_HAL_Driver/Src/stm32f3xx_hal_can.o
LOAD Drivers/STM32F3xx_HAL_Driver/Src/stm32f3xx_hal_cortex.o
LOAD Drivers/STM32F3xx_HAL_Driver/Src/stm32f3xx_hal_dma.o
LOAD Drivers/STM32F3xx_HAL_Driver/Src/stm32f3xx_hal_exti.o
LOAD Drivers/STM32F3xx_HAL_Driver/Src/stm32f3xx_hal_flash.o
LOAD Drivers/STM32F3xx_HAL_Driver/Src/stm32f3xx_hal_flash_ex.o
LOAD Drivers/STM32F3xx_HAL_Driver/Src/stm32f3xx_hal_gpio.o
LOAD Drivers/STM32F3xx_HAL_Driver/Src/stm32f3xx_hal_i2c.o
LOAD Drivers/STM32F3xx_HAL_Driver/Src/stm32f3xx_hal_i2c_ex.o
LOAD Drivers/STM32F3xx_HAL_Driver/Src/stm32f3xx_hal_pwr.o
LOAD Drivers/STM32F3xx_HAL_Driver/Src/stm32f3xx_hal_pwr_ex.o
LOAD Drivers/STM32F3xx_HAL_Driver/Src/stm32f3xx_hal_rcc.o
LOAD Drivers/STM32F3xx_HAL_Driver/Src/stm32f3xx_hal_rcc_ex.o
LOAD Drivers/STM32F3xx_HAL_Driver/Src/stm32f3xx_hal_spi.o
LOAD Drivers/STM32F3xx_HAL_Driver/Src/stm32f3xx_hal_spi_ex.o
LOAD Drivers/STM32F3xx_HAL_Driver/Src/stm32f3xx_hal_tim.o
LOAD Drivers/STM32F3xx_HAL_Driver/Src/stm32f3xx_hal_tim_ex.o
LOAD Drivers/STM32F3xx_HAL_Driver/Src/stm32f3xx_hal_uart.o
LOAD Drivers/STM32F3xx_HAL_Driver/Src/stm32f3xx_hal_uart_ex.o
START GROUP
LOAD c:/st/stm32cubeide_1.4.0/stm32cubeide/plugins/com.st.stm32cube.ide.mcu.externaltools.gnu-tools-for-stm32.7-2018-q2-update.win32_1.5.0.202011040924/tools/bin/../lib/gcc/arm-none-eabi/7.3.1/../../../../arm-none-eabi/lib/thumb/v7e-m/fpv4-sp/hard\libc_nano.a
LOAD c:/st/stm32cubeide_1.4.0/stm32cubeide/plugins/com.st.stm32cube.ide.mcu.externaltools.gnu-tools-for-stm32.7-2018-q2-update.win32_1.5.0.202011040924/tools/bin/../lib/gcc/arm-none-eabi/7.3.1/../../../../arm-none-eabi/lib/thumb/v7e-m/fpv4-sp/hard\libm.a
END GROUP
START GROUP
LOAD c:/st/stm32cubeide_1.4.0/stm32cubeide/plugins/com.st.stm32cube.ide.mcu.externaltools.gnu-tools-for-stm32.7-2018-q2-update.win32_1.5.0.202011040924/tools/bin/../lib/gcc/arm-none-eabi/7.3.1/thumb/v7e-m/fpv4-sp/hard\libgcc.a
LOAD c:/st/stm32cubeide_1.4.0/stm32cubeide/plugins/com.st.stm32cube.ide.mcu.externaltools.gnu-tools-for-stm32.7-2018-q2-update.win32_1.5.0.202011040924/tools/bin/../lib/gcc/arm-none-eabi/7.3.1/../../../../arm-none-eabi/lib/thumb/v7e-m/fpv4-sp/hard\libc_nano.a
END GROUP
START GROUP
LOAD c:/st/stm32cubeide_1.4.0/stm32cubeide/plugins/com.st.stm32cube.ide.mcu.externaltools.gnu-tools-for-stm32.7-2018-q2-update.win32_1.5.0.202011040924/tools/bin/../lib/gcc/arm-none-eabi/7.3.1/thumb/v7e-m/fpv4-sp/hard\libgcc.a
LOAD c:/st/stm32cubeide_1.4.0/stm32cubeide/plugins/com.st.stm32cube.ide.mcu.externaltools.gnu-tools-for-stm32.7-2018-q2-update.win32_1.5.0.202011040924/tools/bin/../lib/gcc/arm-none-eabi/7.3.1/../../../../arm-none-eabi/lib/thumb/v7e-m/fpv4-sp/hard\libc_nano.a
LOAD c:/st/stm32cubeide_1.4.0/stm32cubeide/plugins/com.st.stm32cube.ide.mcu.externaltools.gnu-tools-for-stm32.7-2018-q2-update.win32_1.5.0.202011040924/tools/bin/../lib/gcc/arm-none-eabi/7.3.1/../../../../arm-none-eabi/lib/thumb/v7e-m/fpv4-sp/hard\libnosys.a
END GROUP
START GROUP
LOAD c:/st/stm32cubeide_1.4.0/stm32cubeide/plugins/com.st.stm32cube.ide.mcu.externaltools.gnu-tools-for-stm32.7-2018-q2-update.win32_1.5.0.202011040924/tools/bin/../lib/gcc/arm-none-eabi/7.3.1/thumb/v7e-m/fpv4-sp/hard\libgcc.a
LOAD c:/st/stm32cubeide_1.4.0/stm32cubeide/plugins/com.st.stm32cube.ide.mcu.externaltools.gnu-tools-for-stm32.7-2018-q2-update.win32_1.5.0.202011040924/tools/bin/../lib/gcc/arm-none-eabi/7.3.1/../../../../arm-none-eabi/lib/thumb/v7e-m/fpv4-sp/hard\libc_nano.a
LOAD c:/st/stm32cubeide_1.4.0/stm32cubeide/plugins/com.st.stm32cube.ide.mcu.externaltools.gnu-tools-for-stm32.7-2018-q2-update.win32_1.5.0.202011040924/tools/bin/../lib/gcc/arm-none-eabi/7.3.1/../../../../arm-none-eabi/lib/thumb/v7e-m/fpv4-sp/hard\libnosys.a
END GROUP
LOAD c:/st/stm32cubeide_1.4.0/stm32cubeide/plugins/com.st.stm32cube.ide.mcu.externaltools.gnu-tools-for-stm32.7-2018-q2-update.win32_1.5.0.202011040924/tools/bin/../lib/gcc/arm-none-eabi/7.3.1/thumb/v7e-m/fpv4-sp/hard/crtend.o
LOAD c:/st/stm32cubeide_1.4.0/stm32cubeide/plugins/com.st.stm32cube.ide.mcu.externaltools.gnu-tools-for-stm32.7-2018-q2-update.win32_1.5.0.202011040924/tools/bin/../lib/gcc/arm-none-eabi/7.3.1/thumb/v7e-m/fpv4-sp/hard/crtn.o
                0x000000002000a000                _estack = (ORIGIN (RAM) + LENGTH (RAM))
                0x0000000000000200                _Min_Heap_Size = 0x200
                0x0000000000000400                _Min_Stack_Size = 0x400

.isr_vector     0x0000000008000000      0x188
                0x0000000008000000                . = ALIGN (0x4)
 *(.isr_vector)
 .isr_vector    0x0000000008000000      0x188 Core/Startup/startup_stm32f302rctx.o
                0x0000000008000000                g_pfnVectors
                0x0000000008000188                . = ALIGN (0x4)

.text           0x0000000008000190     0x7184
                0x0000000008000190                . = ALIGN (0x4)
 *(.text)
 .text          0x0000000008000190       0x40 c:/st/stm32cubeide_1.4.0/stm32cubeide/plugins/com.st.stm32cube.ide.mcu.externaltools.gnu-tools-for-stm32.7-2018-q2-update.win32_1.5.0.202011040924/tools/bin/../lib/gcc/arm-none-eabi/7.3.1/thumb/v7e-m/fpv4-sp/hard/crtbegin.o
 .text          0x00000000080001d0       0x10 c:/st/stm32cubeide_1.4.0/stm32cubeide/plugins/com.st.stm32cube.ide.mcu.externaltools.gnu-tools-for-stm32.7-2018-q2-update.win32_1.5.0.202011040924/tools/bin/../lib/gcc/arm-none-eabi/7.3.1/../../../../arm-none-eabi/lib/thumb/v7e-m/fpv4-sp/hard\libc_nano.a(lib_a-strlen.o)
                0x00000000080001d0                strlen
 .text          0x00000000080001e0       0xa0 c:/st/stm32cubeide_1.4.0/stm32cubeide/plugins/com.st.stm32cube.ide.mcu.externaltools.gnu-tools-for-stm32.7-2018-q2-update.win32_1.5.0.202011040924/tools/bin/../lib/gcc/arm-none-eabi/7.3.1/../../../../arm-none-eabi/lib/thumb/v7e-m/fpv4-sp/hard\libc_nano.a(lib_a-memchr.o)
                0x00000000080001e0                memchr
 .text          0x0000000008000280      0x378 c:/st/stm32cubeide_1.4.0/stm32cubeide/plugins/com.st.stm32cube.ide.mcu.externaltools.gnu-tools-for-stm32.7-2018-q2-update.win32_1.5.0.202011040924/tools/bin/../lib/gcc/arm-none-eabi/7.3.1/thumb/v7e-m/fpv4-sp/hard\libgcc.a(_arm_addsubdf3.o)
                0x0000000008000280                __aeabi_drsub
                0x0000000008000288                __aeabi_dsub
                0x0000000008000288                __subdf3
                0x000000000800028c                __aeabi_dadd
                0x000000000800028c                __adddf3
                0x0000000008000504                __floatunsidf
                0x0000000008000504                __aeabi_ui2d
                0x0000000008000524                __floatsidf
                0x0000000008000524                __aeabi_i2d
                0x0000000008000548                __aeabi_f2d
                0x0000000008000548                __extendsfdf2
                0x000000000800058c                __floatundidf
                0x000000000800058c                __aeabi_ul2d
                0x000000000800059c                __floatdidf
                0x000000000800059c                __aeabi_l2d
 .text          0x00000000080005f8      0x424 c:/st/stm32cubeide_1.4.0/stm32cubeide/plugins/com.st.stm32cube.ide.mcu.externaltools.gnu-tools-for-stm32.7-2018-q2-update.win32_1.5.0.202011040924/tools/bin/../lib/gcc/arm-none-eabi/7.3.1/thumb/v7e-m/fpv4-sp/hard\libgcc.a(_arm_muldivdf3.o)
                0x00000000080005f8                __aeabi_dmul
                0x00000000080005f8                __muldf3
                0x000000000800084c                __divdf3
                0x000000000800084c                __aeabi_ddiv
 .text          0x0000000008000a1c      0x110 c:/st/stm32cubeide_1.4.0/stm32cubeide/plugins/com.st.stm32cube.ide.mcu.externaltools.gnu-tools-for-stm32.7-2018-q2-update.win32_1.5.0.202011040924/tools/bin/../lib/gcc/arm-none-eabi/7.3.1/thumb/v7e-m/fpv4-sp/hard\libgcc.a(_arm_cmpdf2.o)
                0x0000000008000a1c                __gtdf2
                0x0000000008000a1c                __gedf2
                0x0000000008000a24                __ltdf2
                0x0000000008000a24                __ledf2
                0x0000000008000a2c                __nedf2
                0x0000000008000a2c                __eqdf2
                0x0000000008000a2c                __cmpdf2
                0x0000000008000aa8                __aeabi_cdrcmple
                0x0000000008000ab8                __aeabi_cdcmpeq
                0x0000000008000ab8                __aeabi_cdcmple
                0x0000000008000ac8                __aeabi_dcmpeq
                0x0000000008000adc                __aeabi_dcmplt
                0x0000000008000af0                __aeabi_dcmple
                0x0000000008000b04                __aeabi_dcmpge
                0x0000000008000b18                __aeabi_dcmpgt
 .text          0x0000000008000b2c       0x2c c:/st/stm32cubeide_1.4.0/stm32cubeide/plugins/com.st.stm32cube.ide.mcu.externaltools.gnu-tools-for-stm32.7-2018-q2-update.win32_1.5.0.202011040924/tools/bin/../lib/gcc/arm-none-eabi/7.3.1/thumb/v7e-m/fpv4-sp/hard\libgcc.a(_arm_unorddf2.o)
                0x0000000008000b2c                __unorddf2
                0x0000000008000b2c                __aeabi_dcmpun
 .text          0x0000000008000b58       0x50 c:/st/stm32cubeide_1.4.0/stm32cubeide/plugins/com.st.stm32cube.ide.mcu.externaltools.gnu-tools-for-stm32.7-2018-q2-update.win32_1.5.0.202011040924/tools/bin/../lib/gcc/arm-none-eabi/7.3.1/thumb/v7e-m/fpv4-sp/hard\libgcc.a(_arm_fixdfsi.o)
                0x0000000008000b58                __aeabi_d2iz
                0x0000000008000b58                __fixdfsi
 .text          0x0000000008000ba8       0x40 c:/st/stm32cubeide_1.4.0/stm32cubeide/plugins/com.st.stm32cube.ide.mcu.externaltools.gnu-tools-for-stm32.7-2018-q2-update.win32_1.5.0.202011040924/tools/bin/../lib/gcc/arm-none-eabi/7.3.1/thumb/v7e-m/fpv4-sp/hard\libgcc.a(_arm_fixunsdfsi.o)
                0x0000000008000ba8                __aeabi_d2uiz
                0x0000000008000ba8                __fixunsdfsi
 .text          0x0000000008000be8       0xa0 c:/st/stm32cubeide_1.4.0/stm32cubeide/plugins/com.st.stm32cube.ide.mcu.externaltools.gnu-tools-for-stm32.7-2018-q2-update.win32_1.5.0.202011040924/tools/bin/../lib/gcc/arm-none-eabi/7.3.1/thumb/v7e-m/fpv4-sp/hard\libgcc.a(_arm_truncdfsf2.o)
                0x0000000008000be8                __truncdfsf2
                0x0000000008000be8                __aeabi_d2f
 *(.text*)
 .text.ili9488_Init
                0x0000000008000c88      0x130 Core/Src/Lcd/ili9488.o
                0x0000000008000c88                ili9488_Init
 .text.ili9488_DisplayOn
                0x0000000008000db8       0x14 Core/Src/Lcd/ili9488.o
                0x0000000008000db8                ili9488_DisplayOn
 .text.ili9488_DisplayOff
                0x0000000008000dcc       0x14 Core/Src/Lcd/ili9488.o
                0x0000000008000dcc                ili9488_DisplayOff
 .text.ili9488_GetLcdPixelWidth
                0x0000000008000de0       0x12 Core/Src/Lcd/ili9488.o
                0x0000000008000de0                ili9488_GetLcdPixelWidth
 .text.ili9488_GetLcdPixelHeight
                0x0000000008000df2       0x12 Core/Src/Lcd/ili9488.o
                0x0000000008000df2                ili9488_GetLcdPixelHeight
 .text.ili9488_ReadID
                0x0000000008000e04       0x48 Core/Src/Lcd/ili9488.o
                0x0000000008000e04                ili9488_ReadID
 .text.ili9488_SetCursor
                0x0000000008000e4c       0x84 Core/Src/Lcd/ili9488.o
                0x0000000008000e4c                ili9488_SetCursor
 .text.ili9488_write16to24
                0x0000000008000ed0       0x42 Core/Src/Lcd/ili9488.o
                0x0000000008000ed0                ili9488_write16to24
 .text.ili9488_WritePixel
                0x0000000008000f12       0x94 Core/Src/Lcd/ili9488.o
                0x0000000008000f12                ili9488_WritePixel
 .text.ili9488_ReadPixel
                0x0000000008000fa6       0x94 Core/Src/Lcd/ili9488.o
                0x0000000008000fa6                ili9488_ReadPixel
 *fill*         0x000000000800103a        0x2 
 .text.ili9488_SetDisplayWindow
                0x000000000800103c       0xd0 Core/Src/Lcd/ili9488.o
                0x000000000800103c                ili9488_SetDisplayWindow
 .text.ili9488_DrawHLine
                0x000000000800110c       0x36 Core/Src/Lcd/ili9488.o
                0x000000000800110c                ili9488_DrawHLine
 .text.ili9488_DrawVLine
                0x0000000008001142       0x38 Core/Src/Lcd/ili9488.o
                0x0000000008001142                ili9488_DrawVLine
 .text.ili9488_FillRect
                0x000000000800117a       0x56 Core/Src/Lcd/ili9488.o
                0x000000000800117a                ili9488_FillRect
 .text.ili9488_DrawBitmap
                0x00000000080011d0      0x124 Core/Src/Lcd/ili9488.o
                0x00000000080011d0                ili9488_DrawBitmap
 .text.ili9488_DrawRGBImage
                0x00000000080012f4       0x5e Core/Src/Lcd/ili9488.o
                0x00000000080012f4                ili9488_DrawRGBImage
 .text.ili9488_ReadRGBImage
                0x0000000008001352       0x4c Core/Src/Lcd/ili9488.o
                0x0000000008001352                ili9488_ReadRGBImage
 *fill*         0x000000000800139e        0x2 
 .text.ili9488_Scroll
                0x00000000080013a0       0xc4 Core/Src/Lcd/ili9488.o
                0x00000000080013a0                ili9488_Scroll
 .text.LcdDirRead
                0x0000000008001464       0x74 Core/Src/Lcd/lcd_io_spi.o
                0x0000000008001464                LcdDirRead
 .text.LcdDirWrite
                0x00000000080014d8       0x24 Core/Src/Lcd/lcd_io_spi.o
                0x00000000080014d8                LcdDirWrite
 .text.LcdWrite8
                0x00000000080014fc       0x30 Core/Src/Lcd/lcd_io_spi.o
                0x00000000080014fc                LcdWrite8
 .text.LcdRead8
                0x000000000800152c       0x30 Core/Src/Lcd/lcd_io_spi.o
                0x000000000800152c                LcdRead8
 .text.LcdCmdWrite8
                0x000000000800155c       0x44 Core/Src/Lcd/lcd_io_spi.o
                0x000000000800155c                LcdCmdWrite8
 .text.LcdWrite16
                0x00000000080015a0       0x30 Core/Src/Lcd/lcd_io_spi.o
                0x00000000080015a0                LcdWrite16
 .text.LCD_IO_WriteMultiData8
                0x00000000080015d0       0x44 Core/Src/Lcd/lcd_io_spi.o
                0x00000000080015d0                LCD_IO_WriteMultiData8
 .text.LCD_IO_WriteMultiData16
                0x0000000008001614       0x44 Core/Src/Lcd/lcd_io_spi.o
                0x0000000008001614                LCD_IO_WriteMultiData16
 .text.LCD_IO_ReadMultiData8
                0x0000000008001658       0x44 Core/Src/Lcd/lcd_io_spi.o
                0x0000000008001658                LCD_IO_ReadMultiData8
 .text.LCD_IO_ReadMultiData16to24
                0x000000000800169c       0x80 Core/Src/Lcd/lcd_io_spi.o
                0x000000000800169c                LCD_IO_ReadMultiData16to24
 .text.LCD_IO_Delay
                0x000000000800171c       0x20 Core/Src/Lcd/lcd_io_spi.o
                0x000000000800171c                LCD_IO_Delay
 .text.LCD_Delay
                0x000000000800173c       0x16 Core/Src/Lcd/lcd_io_spi.o
                0x000000000800173c                LCD_Delay
 *fill*         0x0000000008001752        0x2 
 .text.LCD_IO_Bl_OnOff
                0x0000000008001754       0x30 Core/Src/Lcd/lcd_io_spi.o
                0x0000000008001754                LCD_IO_Bl_OnOff
 .text.LCD_IO_Init
                0x0000000008001784      0x170 Core/Src/Lcd/lcd_io_spi.o
                0x0000000008001784                LCD_IO_Init
 .text.LCD_IO_WriteCmd8
                0x00000000080018f4       0x40 Core/Src/Lcd/lcd_io_spi.o
                0x00000000080018f4                LCD_IO_WriteCmd8
 .text.LCD_IO_WriteData8
                0x0000000008001934       0x40 Core/Src/Lcd/lcd_io_spi.o
                0x0000000008001934                LCD_IO_WriteData8
 .text.LCD_IO_WriteCmd8DataFill16
                0x0000000008001974       0x54 Core/Src/Lcd/lcd_io_spi.o
                0x0000000008001974                LCD_IO_WriteCmd8DataFill16
 .text.LCD_IO_WriteCmd8MultipleData8
                0x00000000080019c8       0x44 Core/Src/Lcd/lcd_io_spi.o
                0x00000000080019c8                LCD_IO_WriteCmd8MultipleData8
 .text.LCD_IO_WriteCmd8MultipleData16
                0x0000000008001a0c       0x50 Core/Src/Lcd/lcd_io_spi.o
                0x0000000008001a0c                LCD_IO_WriteCmd8MultipleData16
 .text.LCD_IO_ReadCmd8MultipleData8
                0x0000000008001a5c       0x50 Core/Src/Lcd/lcd_io_spi.o
                0x0000000008001a5c                LCD_IO_ReadCmd8MultipleData8
 .text.LCD_IO_ReadCmd8MultipleData24to16
                0x0000000008001aac       0x50 Core/Src/Lcd/lcd_io_spi.o
                0x0000000008001aac                LCD_IO_ReadCmd8MultipleData24to16
 .text.BSP_LCD_Init
                0x0000000008001afc       0x4c Core/Src/Lcd/stm32_adafruit_lcd.o
                0x0000000008001afc                BSP_LCD_Init
 .text.BSP_LCD_GetXSize
                0x0000000008001b48       0x18 Core/Src/Lcd/stm32_adafruit_lcd.o
                0x0000000008001b48                BSP_LCD_GetXSize
 .text.BSP_LCD_GetYSize
                0x0000000008001b60       0x18 Core/Src/Lcd/stm32_adafruit_lcd.o
                0x0000000008001b60                BSP_LCD_GetYSize
 .text.BSP_LCD_GetTextColor
                0x0000000008001b78       0x18 Core/Src/Lcd/stm32_adafruit_lcd.o
                0x0000000008001b78                BSP_LCD_GetTextColor
 .text.BSP_LCD_GetBackColor
                0x0000000008001b90       0x18 Core/Src/Lcd/stm32_adafruit_lcd.o
                0x0000000008001b90                BSP_LCD_GetBackColor
 .text.BSP_LCD_SetTextColor
                0x0000000008001ba8       0x20 Core/Src/Lcd/stm32_adafruit_lcd.o
                0x0000000008001ba8                BSP_LCD_SetTextColor
 .text.BSP_LCD_SetBackColor
                0x0000000008001bc8       0x20 Core/Src/Lcd/stm32_adafruit_lcd.o
                0x0000000008001bc8                BSP_LCD_SetBackColor
 .text.BSP_LCD_SetFont
                0x0000000008001be8       0x20 Core/Src/Lcd/stm32_adafruit_lcd.o
                0x0000000008001be8                BSP_LCD_SetFont
 .text.BSP_LCD_Clear
                0x0000000008001c08       0x3c Core/Src/Lcd/stm32_adafruit_lcd.o
                0x0000000008001c08                BSP_LCD_Clear
 .text.BSP_LCD_DisplayChar
                0x0000000008001c44       0x54 Core/Src/Lcd/stm32_adafruit_lcd.o
                0x0000000008001c44                BSP_LCD_DisplayChar
 .text.BSP_LCD_DisplayStringAt
                0x0000000008001c98      0x118 Core/Src/Lcd/stm32_adafruit_lcd.o
                0x0000000008001c98                BSP_LCD_DisplayStringAt
 .text.BSP_LCD_DrawPixel
                0x0000000008001db0       0x38 Core/Src/Lcd/stm32_adafruit_lcd.o
                0x0000000008001db0                BSP_LCD_DrawPixel
 .text.BSP_LCD_DrawHLine
                0x0000000008001de8       0x74 Core/Src/Lcd/stm32_adafruit_lcd.o
                0x0000000008001de8                BSP_LCD_DrawHLine
 .text.BSP_LCD_DrawVLine
                0x0000000008001e5c       0x74 Core/Src/Lcd/stm32_adafruit_lcd.o
                0x0000000008001e5c                BSP_LCD_DrawVLine
 .text.BSP_LCD_DrawLine
                0x0000000008001ed0      0x184 Core/Src/Lcd/stm32_adafruit_lcd.o
                0x0000000008001ed0                BSP_LCD_DrawLine
 .text.BSP_LCD_DrawRect
                0x0000000008002054       0x6a Core/Src/Lcd/stm32_adafruit_lcd.o
                0x0000000008002054                BSP_LCD_DrawRect
 *fill*         0x00000000080020be        0x2 
 .text.BSP_LCD_DrawBitmap
                0x00000000080020c0       0xb4 Core/Src/Lcd/stm32_adafruit_lcd.o
                0x00000000080020c0                BSP_LCD_DrawBitmap
 .text.BSP_LCD_FillRect
                0x0000000008002174       0x48 Core/Src/Lcd/stm32_adafruit_lcd.o
                0x0000000008002174                BSP_LCD_FillRect
 .text.DrawChar
                0x00000000080021bc      0x1e4 Core/Src/Lcd/stm32_adafruit_lcd.o
 .text.SetDisplayWindow
                0x00000000080023a0       0x44 Core/Src/Lcd/stm32_adafruit_lcd.o
 .text.changeDriver
                0x00000000080023e4       0x2c Core/Src/car_settings.o
                0x00000000080023e4                changeDriver
 .text.changeEvent
                0x0000000008002410       0x2c Core/Src/car_settings.o
                0x0000000008002410                changeEvent
 .text.clearArea
                0x000000000800243c       0x62 Core/Src/gui.o
                0x000000000800243c                clearArea
 *fill*         0x000000000800249e        0x2 
 .text.drawScreen
                0x00000000080024a0       0x84 Core/Src/gui.o
                0x00000000080024a0                drawScreen
 .text.updateMenuScroll
                0x0000000008002524       0x5c Core/Src/gui.o
                0x0000000008002524                updateMenuScroll
 .text.drawStartupScreen
                0x0000000008002580       0x28 Core/Src/gui.o
                0x0000000008002580                drawStartupScreen
 .text.drawRTDScreen
                0x00000000080025a8       0xa8 Core/Src/gui.o
                0x00000000080025a8                drawRTDScreen
 .text.updateRTDScreen
                0x0000000008002650      0x350 Core/Src/gui.o
                0x0000000008002650                updateRTDScreen
 .text.drawSMScreen
                0x00000000080029a0       0x88 Core/Src/gui.o
                0x00000000080029a0                drawSMScreen
 .text.updateSMScreen
                0x0000000008002a28       0x9c Core/Src/gui.o
                0x0000000008002a28                updateSMScreen
 .text.drawDriverSelectionScreen
                0x0000000008002ac4       0x94 Core/Src/gui.o
                0x0000000008002ac4                drawDriverSelectionScreen
 .text.updateDriverSelectionScreen
                0x0000000008002b58       0x70 Core/Src/gui.o
                0x0000000008002b58                updateDriverSelectionScreen
 .text.drawEventSelectionScreen
                0x0000000008002bc8       0x94 Core/Src/gui.o
                0x0000000008002bc8                drawEventSelectionScreen
 .text.updateEventSelectionScreen
                0x0000000008002c5c       0x70 Core/Src/gui.o
                0x0000000008002c5c                updateEventSelectionScreen
 .text.drawCarConfigurationScreen
                0x0000000008002ccc       0x98 Core/Src/gui.o
                0x0000000008002ccc                drawCarConfigurationScreen
 .text.drawHeaderBar
                0x0000000008002d64       0x60 Core/Src/gui.o
                0x0000000008002d64                drawHeaderBar
 .text.drawAccumulatorDeltaBar
                0x0000000008002dc4      0x1ec Core/Src/gui.o
                0x0000000008002dc4                drawAccumulatorDeltaBar
 .text.updateAccumulatorDeltaBar
                0x0000000008002fb0      0x140 Core/Src/gui.o
                0x0000000008002fb0                updateAccumulatorDeltaBar
 .text.drawAccumulatorTotalBar
                0x00000000080030f0       0xec Core/Src/gui.o
                0x00000000080030f0                drawAccumulatorTotalBar
 .text.updateAccumulatorTotalBar
                0x00000000080031dc       0xdc Core/Src/gui.o
                0x00000000080031dc                updateAccumulatorTotalBar
 .text.drawReading
                0x00000000080032b8       0xa4 Core/Src/gui.o
                0x00000000080032b8                drawReading
 .text.updateReading
                0x000000000800335c       0x40 Core/Src/gui.o
                0x000000000800335c                updateReading
 .text.drawMenuItem
                0x000000000800339c       0x6c Core/Src/gui.o
                0x000000000800339c                drawMenuItem
 .text.updateMenuItem
                0x0000000008003408       0x50 Core/Src/gui.o
                0x0000000008003408                updateMenuItem
 .text.drawMenuItemWithValue
                0x0000000008003458       0xb4 Core/Src/gui.o
                0x0000000008003458                drawMenuItemWithValue
 .text.main     0x000000000800350c      0x150 Core/Src/main.o
                0x000000000800350c                main
 .text.NMI_Handler
                0x000000000800365c        0xe Core/Src/stm32f3xx_it.o
                0x000000000800365c                NMI_Handler
 .text.HardFault_Handler
                0x000000000800366a        0x6 Core/Src/stm32f3xx_it.o
                0x000000000800366a                HardFault_Handler
 .text.MemManage_Handler
                0x0000000008003670        0x6 Core/Src/stm32f3xx_it.o
                0x0000000008003670                MemManage_Handler
 .text.BusFault_Handler
                0x0000000008003676        0x6 Core/Src/stm32f3xx_it.o
                0x0000000008003676                BusFault_Handler
 .text.UsageFault_Handler
                0x000000000800367c        0x6 Core/Src/stm32f3xx_it.o
                0x000000000800367c                UsageFault_Handler
 .text.SVC_Handler
                0x0000000008003682        0xe Core/Src/stm32f3xx_it.o
                0x0000000008003682                SVC_Handler
 .text.DebugMon_Handler
                0x0000000008003690        0xe Core/Src/stm32f3xx_it.o
                0x0000000008003690                DebugMon_Handler
 .text.PendSV_Handler
                0x000000000800369e        0xe Core/Src/stm32f3xx_it.o
                0x000000000800369e                PendSV_Handler
 .text.SysTick_Handler
                0x00000000080036ac        0xc Core/Src/stm32f3xx_it.o
                0x00000000080036ac                SysTick_Handler
 .text._sbrk    0x00000000080036b8       0x6c Core/Src/sysmem.o
                0x00000000080036b8                _sbrk
 .text.SystemInit
                0x0000000008003724       0x2c Core/Src/system_stm32f3xx.o
                0x0000000008003724                SystemInit
 .text.Reset_Handler
                0x0000000008003750       0x50 Core/Startup/startup_stm32f302rctx.o
                0x0000000008003750                Reset_Handler
 .text.Default_Handler
                0x00000000080037a0        0x2 Core/Startup/startup_stm32f302rctx.o
                0x00000000080037a0                RTC_Alarm_IRQHandler
                0x00000000080037a0                TIM1_CC_IRQHandler
                0x00000000080037a0                USB_HP_IRQHandler
                0x00000000080037a0                PVD_IRQHandler
                0x00000000080037a0                TAMP_STAMP_IRQHandler
                0x00000000080037a0                EXTI3_IRQHandler
                0x00000000080037a0                USB_HP_CAN_TX_IRQHandler
                0x00000000080037a0                EXTI0_IRQHandler
                0x00000000080037a0                I2C2_EV_IRQHandler
                0x00000000080037a0                FPU_IRQHandler
                0x00000000080037a0                TIM1_UP_TIM16_IRQHandler
                0x00000000080037a0                ADC1_2_IRQHandler
                0x00000000080037a0                SPI1_IRQHandler
                0x00000000080037a0                CAN_SCE_IRQHandler
                0x00000000080037a0                TIM6_DAC_IRQHandler
                0x00000000080037a0                DMA2_Channel2_IRQHandler
                0x00000000080037a0                DMA1_Channel4_IRQHandler
                0x00000000080037a0                USART3_IRQHandler
                0x00000000080037a0                DMA1_Channel7_IRQHandler
                0x00000000080037a0                UART5_IRQHandler
                0x00000000080037a0                TIM4_IRQHandler
                0x00000000080037a0                CAN_RX1_IRQHandler
                0x00000000080037a0                DMA2_Channel1_IRQHandler
                0x00000000080037a0                I2C1_EV_IRQHandler
                0x00000000080037a0                DMA1_Channel6_IRQHandler
                0x00000000080037a0                UART4_IRQHandler
                0x00000000080037a0                DMA2_Channel4_IRQHandler
                0x00000000080037a0                TIM3_IRQHandler
                0x00000000080037a0                RCC_IRQHandler
                0x00000000080037a0                DMA1_Channel1_IRQHandler
                0x00000000080037a0                Default_Handler
                0x00000000080037a0                USBWakeUp_RMP_IRQHandler
                0x00000000080037a0                EXTI15_10_IRQHandler
                0x00000000080037a0                EXTI9_5_IRQHandler
                0x00000000080037a0                RTC_WKUP_IRQHandler
                0x00000000080037a0                SPI2_IRQHandler
                0x00000000080037a0                USB_LP_CAN_RX0_IRQHandler
                0x00000000080037a0                DMA2_Channel5_IRQHandler
                0x00000000080037a0                DMA1_Channel5_IRQHandler
                0x00000000080037a0                USB_LP_IRQHandler
                0x00000000080037a0                EXTI4_IRQHandler
                0x00000000080037a0                COMP1_2_IRQHandler
                0x00000000080037a0                TIM1_TRG_COM_TIM17_IRQHandler
                0x00000000080037a0                DMA1_Channel3_IRQHandler
                0x00000000080037a0                WWDG_IRQHandler
                0x00000000080037a0                TIM2_IRQHandler
                0x00000000080037a0                EXTI1_IRQHandler
                0x00000000080037a0                COMP4_6_IRQHandler
                0x00000000080037a0                USART2_IRQHandler
                0x00000000080037a0                I2C2_ER_IRQHandler
                0x00000000080037a0                DMA1_Channel2_IRQHandler
                0x00000000080037a0                FLASH_IRQHandler
                0x00000000080037a0                USART1_IRQHandler
                0x00000000080037a0                SPI3_IRQHandler
                0x00000000080037a0                I2C1_ER_IRQHandler
                0x00000000080037a0                USBWakeUp_IRQHandler
                0x00000000080037a0                DMA2_Channel3_IRQHandler
                0x00000000080037a0                EXTI2_TSC_IRQHandler
                0x00000000080037a0                TIM1_BRK_TIM15_IRQHandler
 *fill*         0x00000000080037a2        0x2 
 .text.HAL_IncTick
                0x00000000080037a4       0x28 Drivers/STM32F3xx_HAL_Driver/Src/stm32f3xx_hal.o
                0x00000000080037a4                HAL_IncTick
 .text.HAL_GetTick
                0x00000000080037cc       0x18 Drivers/STM32F3xx_HAL_Driver/Src/stm32f3xx_hal.o
                0x00000000080037cc                HAL_GetTick
 .text.HAL_Delay
                0x00000000080037e4       0x44 Drivers/STM32F3xx_HAL_Driver/Src/stm32f3xx_hal.o
                0x00000000080037e4                HAL_Delay
 .text.__errno  0x0000000008003828        0xc c:/st/stm32cubeide_1.4.0/stm32cubeide/plugins/com.st.stm32cube.ide.mcu.externaltools.gnu-tools-for-stm32.7-2018-q2-update.win32_1.5.0.202011040924/tools/bin/../lib/gcc/arm-none-eabi/7.3.1/../../../../arm-none-eabi/lib/thumb/v7e-m/fpv4-sp/hard\libc_nano.a(lib_a-errno.o)
                0x0000000008003828                __errno
 .text.__libc_init_array
                0x0000000008003834       0x48 c:/st/stm32cubeide_1.4.0/stm32cubeide/plugins/com.st.stm32cube.ide.mcu.externaltools.gnu-tools-for-stm32.7-2018-q2-update.win32_1.5.0.202011040924/tools/bin/../lib/gcc/arm-none-eabi/7.3.1/../../../../arm-none-eabi/lib/thumb/v7e-m/fpv4-sp/hard\libc_nano.a(lib_a-init.o)
                0x0000000008003834                __libc_init_array
 .text.memset   0x000000000800387c       0x10 c:/st/stm32cubeide_1.4.0/stm32cubeide/plugins/com.st.stm32cube.ide.mcu.externaltools.gnu-tools-for-stm32.7-2018-q2-update.win32_1.5.0.202011040924/tools/bin/../lib/gcc/arm-none-eabi/7.3.1/../../../../arm-none-eabi/lib/thumb/v7e-m/fpv4-sp/hard\libc_nano.a(lib_a-memset.o)
                0x000000000800387c                memset
 .text.__cvt    0x000000000800388c       0xc2 c:/st/stm32cubeide_1.4.0/stm32cubeide/plugins/com.st.stm32cube.ide.mcu.externaltools.gnu-tools-for-stm32.7-2018-q2-update.win32_1.5.0.202011040924/tools/bin/../lib/gcc/arm-none-eabi/7.3.1/../../../../arm-none-eabi/lib/thumb/v7e-m/fpv4-sp/hard\libc_nano.a(lib_a-nano-vfprintf_float.o)
                0x000000000800388c                __cvt
 .text.__exponent
                0x000000000800394e       0x66 c:/st/stm32cubeide_1.4.0/stm32cubeide/plugins/com.st.stm32cube.ide.mcu.externaltools.gnu-tools-for-stm32.7-2018-q2-update.win32_1.5.0.202011040924/tools/bin/../lib/gcc/arm-none-eabi/7.3.1/../../../../arm-none-eabi/lib/thumb/v7e-m/fpv4-sp/hard\libc_nano.a(lib_a-nano-vfprintf_float.o)
                0x000000000800394e                __exponent
 .text._printf_float
                0x00000000080039b4      0x480 c:/st/stm32cubeide_1.4.0/stm32cubeide/plugins/com.st.stm32cube.ide.mcu.externaltools.gnu-tools-for-stm32.7-2018-q2-update.win32_1.5.0.202011040924/tools/bin/../lib/gcc/arm-none-eabi/7.3.1/../../../../arm-none-eabi/lib/thumb/v7e-m/fpv4-sp/hard\libc_nano.a(lib_a-nano-vfprintf_float.o)
                0x00000000080039b4                _printf_float
 .text._printf_common
                0x0000000008003e34       0xea c:/st/stm32cubeide_1.4.0/stm32cubeide/plugins/com.st.stm32cube.ide.mcu.externaltools.gnu-tools-for-stm32.7-2018-q2-update.win32_1.5.0.202011040924/tools/bin/../lib/gcc/arm-none-eabi/7.3.1/../../../../arm-none-eabi/lib/thumb/v7e-m/fpv4-sp/hard\libc_nano.a(lib_a-nano-vfprintf_i.o)
                0x0000000008003e34                _printf_common
 *fill*         0x0000000008003f1e        0x2 
 .text._printf_i
                0x0000000008003f20      0x224 c:/st/stm32cubeide_1.4.0/stm32cubeide/plugins/com.st.stm32cube.ide.mcu.externaltools.gnu-tools-for-stm32.7-2018-q2-update.win32_1.5.0.202011040924/tools/bin/../lib/gcc/arm-none-eabi/7.3.1/../../../../arm-none-eabi/lib/thumb/v7e-m/fpv4-sp/hard\libc_nano.a(lib_a-nano-vfprintf_i.o)
                0x0000000008003f20                _printf_i
 .text._scanf_float
                0x0000000008004144      0x3c4 c:/st/stm32cubeide_1.4.0/stm32cubeide/plugins/com.st.stm32cube.ide.mcu.externaltools.gnu-tools-for-stm32.7-2018-q2-update.win32_1.5.0.202011040924/tools/bin/../lib/gcc/arm-none-eabi/7.3.1/../../../../arm-none-eabi/lib/thumb/v7e-m/fpv4-sp/hard\libc_nano.a(lib_a-nano-vfscanf_float.o)
                0x0000000008004144                _scanf_float
 .text.nanf     0x0000000008004508        0xc c:/st/stm32cubeide_1.4.0/stm32cubeide/plugins/com.st.stm32cube.ide.mcu.externaltools.gnu-tools-for-stm32.7-2018-q2-update.win32_1.5.0.202011040924/tools/bin/../lib/gcc/arm-none-eabi/7.3.1/../../../../arm-none-eabi/lib/thumb/v7e-m/fpv4-sp/hard\libc_nano.a(lib_a-sf_nan.o)
                0x0000000008004508                nanf
 .text.sprintf  0x0000000008004514       0x40 c:/st/stm32cubeide_1.4.0/stm32cubeide/plugins/com.st.stm32cube.ide.mcu.externaltools.gnu-tools-for-stm32.7-2018-q2-update.win32_1.5.0.202011040924/tools/bin/../lib/gcc/arm-none-eabi/7.3.1/../../../../arm-none-eabi/lib/thumb/v7e-m/fpv4-sp/hard\libc_nano.a(lib_a-sprintf.o)
                0x0000000008004514                siprintf
                0x0000000008004514                sprintf
 .text.unlikely.sulp
                0x0000000008004554       0x38 c:/st/stm32cubeide_1.4.0/stm32cubeide/plugins/com.st.stm32cube.ide.mcu.externaltools.gnu-tools-for-stm32.7-2018-q2-update.win32_1.5.0.202011040924/tools/bin/../lib/gcc/arm-none-eabi/7.3.1/../../../../arm-none-eabi/lib/thumb/v7e-m/fpv4-sp/hard\libc_nano.a(lib_a-strtod.o)
 *fill*         0x000000000800458c        0x4 
 .text._strtod_l
                0x0000000008004590      0xbe8 c:/st/stm32cubeide_1.4.0/stm32cubeide/plugins/com.st.stm32cube.ide.mcu.externaltools.gnu-tools-for-stm32.7-2018-q2-update.win32_1.5.0.202011040924/tools/bin/../lib/gcc/arm-none-eabi/7.3.1/../../../../arm-none-eabi/lib/thumb/v7e-m/fpv4-sp/hard\libc_nano.a(lib_a-strtod.o)
                0x0000000008004590                _strtod_l
 .text._strtod_r
                0x0000000008005178       0x20 c:/st/stm32cubeide_1.4.0/stm32cubeide/plugins/com.st.stm32cube.ide.mcu.externaltools.gnu-tools-for-stm32.7-2018-q2-update.win32_1.5.0.202011040924/tools/bin/../lib/gcc/arm-none-eabi/7.3.1/../../../../arm-none-eabi/lib/thumb/v7e-m/fpv4-sp/hard\libc_nano.a(lib_a-strtod.o)
                0x0000000008005178                _strtod_r
 .text._strtol_l.isra.0
                0x0000000008005198       0xf6 c:/st/stm32cubeide_1.4.0/stm32cubeide/plugins/com.st.stm32cube.ide.mcu.externaltools.gnu-tools-for-stm32.7-2018-q2-update.win32_1.5.0.202011040924/tools/bin/../lib/gcc/arm-none-eabi/7.3.1/../../../../arm-none-eabi/lib/thumb/v7e-m/fpv4-sp/hard\libc_nano.a(lib_a-strtol.o)
 *fill*         0x000000000800528e        0x2 
 .text._strtol_r
                0x0000000008005290       0x24 c:/st/stm32cubeide_1.4.0/stm32cubeide/plugins/com.st.stm32cube.ide.mcu.externaltools.gnu-tools-for-stm32.7-2018-q2-update.win32_1.5.0.202011040924/tools/bin/../lib/gcc/arm-none-eabi/7.3.1/../../../../arm-none-eabi/lib/thumb/v7e-m/fpv4-sp/hard\libc_nano.a(lib_a-strtol.o)
                0x0000000008005290                _strtol_r
 .text.quorem   0x00000000080052b4      0x118 c:/st/stm32cubeide_1.4.0/stm32cubeide/plugins/com.st.stm32cube.ide.mcu.externaltools.gnu-tools-for-stm32.7-2018-q2-update.win32_1.5.0.202011040924/tools/bin/../lib/gcc/arm-none-eabi/7.3.1/../../../../arm-none-eabi/lib/thumb/v7e-m/fpv4-sp/hard\libc_nano.a(lib_a-dtoa.o)
 *fill*         0x00000000080053cc        0x4 
 .text._dtoa_r  0x00000000080053d0      0xb70 c:/st/stm32cubeide_1.4.0/stm32cubeide/plugins/com.st.stm32cube.ide.mcu.externaltools.gnu-tools-for-stm32.7-2018-q2-update.win32_1.5.0.202011040924/tools/bin/../lib/gcc/arm-none-eabi/7.3.1/../../../../arm-none-eabi/lib/thumb/v7e-m/fpv4-sp/hard\libc_nano.a(lib_a-dtoa.o)
                0x00000000080053d0                _dtoa_r
 .text.rshift   0x0000000008005f40       0x74 c:/st/stm32cubeide_1.4.0/stm32cubeide/plugins/com.st.stm32cube.ide.mcu.externaltools.gnu-tools-for-stm32.7-2018-q2-update.win32_1.5.0.202011040924/tools/bin/../lib/gcc/arm-none-eabi/7.3.1/../../../../arm-none-eabi/lib/thumb/v7e-m/fpv4-sp/hard\libc_nano.a(lib_a-gdtoa-gethex.o)
 .text.__hexdig_fun
                0x0000000008005fb4       0x2a c:/st/stm32cubeide_1.4.0/stm32cubeide/plugins/com.st.stm32cube.ide.mcu.externaltools.gnu-tools-for-stm32.7-2018-q2-update.win32_1.5.0.202011040924/tools/bin/../lib/gcc/arm-none-eabi/7.3.1/../../../../arm-none-eabi/lib/thumb/v7e-m/fpv4-sp/hard\libc_nano.a(lib_a-gdtoa-gethex.o)
                0x0000000008005fb4                __hexdig_fun
 .text.__gethex
                0x0000000008005fde      0x442 c:/st/stm32cubeide_1.4.0/stm32cubeide/plugins/com.st.stm32cube.ide.mcu.externaltools.gnu-tools-for-stm32.7-2018-q2-update.win32_1.5.0.202011040924/tools/bin/../lib/gcc/arm-none-eabi/7.3.1/../../../../arm-none-eabi/lib/thumb/v7e-m/fpv4-sp/hard\libc_nano.a(lib_a-gdtoa-gethex.o)
                0x0000000008005fde                __gethex
 .text.L_shift  0x0000000008006420       0x24 c:/st/stm32cubeide_1.4.0/stm32cubeide/plugins/com.st.stm32cube.ide.mcu.externaltools.gnu-tools-for-stm32.7-2018-q2-update.win32_1.5.0.202011040924/tools/bin/../lib/gcc/arm-none-eabi/7.3.1/../../../../arm-none-eabi/lib/thumb/v7e-m/fpv4-sp/hard\libc_nano.a(lib_a-gdtoa-hexnan.o)
 .text.__match  0x0000000008006444       0x28 c:/st/stm32cubeide_1.4.0/stm32cubeide/plugins/com.st.stm32cube.ide.mcu.externaltools.gnu-tools-for-stm32.7-2018-q2-update.win32_1.5.0.202011040924/tools/bin/../lib/gcc/arm-none-eabi/7.3.1/../../../../arm-none-eabi/lib/thumb/v7e-m/fpv4-sp/hard\libc_nano.a(lib_a-gdtoa-hexnan.o)
                0x0000000008006444                __match
 .text.__hexnan
                0x000000000800646c      0x120 c:/st/stm32cubeide_1.4.0/stm32cubeide/plugins/com.st.stm32cube.ide.mcu.externaltools.gnu-tools-for-stm32.7-2018-q2-update.win32_1.5.0.202011040924/tools/bin/../lib/gcc/arm-none-eabi/7.3.1/../../../../arm-none-eabi/lib/thumb/v7e-m/fpv4-sp/hard\libc_nano.a(lib_a-gdtoa-hexnan.o)
                0x000000000800646c                __hexnan
 .text.__locale_ctype_ptr_l
                0x000000000800658c        0x6 c:/st/stm32cubeide_1.4.0/stm32cubeide/plugins/com.st.stm32cube.ide.mcu.externaltools.gnu-tools-for-stm32.7-2018-q2-update.win32_1.5.0.202011040924/tools/bin/../lib/gcc/arm-none-eabi/7.3.1/../../../../arm-none-eabi/lib/thumb/v7e-m/fpv4-sp/hard\libc_nano.a(lib_a-locale.o)
                0x000000000800658c                __locale_ctype_ptr_l
 .text.__localeconv_l
                0x0000000008006592        0x4 c:/st/stm32cubeide_1.4.0/stm32cubeide/plugins/com.st.stm32cube.ide.mcu.externaltools.gnu-tools-for-stm32.7-2018-q2-update.win32_1.5.0.202011040924/tools/bin/../lib/gcc/arm-none-eabi/7.3.1/../../../../arm-none-eabi/lib/thumb/v7e-m/fpv4-sp/hard\libc_nano.a(lib_a-localeconv.o)
                0x0000000008006592                __localeconv_l
 *fill*         0x0000000008006596        0x2 
 .text._localeconv_r
                0x0000000008006598       0x1c c:/st/stm32cubeide_1.4.0/stm32cubeide/plugins/com.st.stm32cube.ide.mcu.externaltools.gnu-tools-for-stm32.7-2018-q2-update.win32_1.5.0.202011040924/tools/bin/../lib/gcc/arm-none-eabi/7.3.1/../../../../arm-none-eabi/lib/thumb/v7e-m/fpv4-sp/hard\libc_nano.a(lib_a-localeconv.o)
                0x0000000008006598                _localeconv_r
 .text.malloc   0x00000000080065b4       0x10 c:/st/stm32cubeide_1.4.0/stm32cubeide/plugins/com.st.stm32cube.ide.mcu.externaltools.gnu-tools-for-stm32.7-2018-q2-update.win32_1.5.0.202011040924/tools/bin/../lib/gcc/arm-none-eabi/7.3.1/../../../../arm-none-eabi/lib/thumb/v7e-m/fpv4-sp/hard\libc_nano.a(lib_a-malloc.o)
                0x00000000080065b4                malloc
 .text.__ascii_mbtowc
                0x00000000080065c4       0x24 c:/st/stm32cubeide_1.4.0/stm32cubeide/plugins/com.st.stm32cube.ide.mcu.externaltools.gnu-tools-for-stm32.7-2018-q2-update.win32_1.5.0.202011040924/tools/bin/../lib/gcc/arm-none-eabi/7.3.1/../../../../arm-none-eabi/lib/thumb/v7e-m/fpv4-sp/hard\libc_nano.a(lib_a-mbtowc_r.o)
                0x00000000080065c4                __ascii_mbtowc
 .text.memcpy   0x00000000080065e8       0x16 c:/st/stm32cubeide_1.4.0/stm32cubeide/plugins/com.st.stm32cube.ide.mcu.externaltools.gnu-tools-for-stm32.7-2018-q2-update.win32_1.5.0.202011040924/tools/bin/../lib/gcc/arm-none-eabi/7.3.1/../../../../arm-none-eabi/lib/thumb/v7e-m/fpv4-sp/hard\libc_nano.a(lib_a-memcpy-stub.o)
                0x00000000080065e8                memcpy
 .text._Balloc  0x00000000080065fe       0x68 c:/st/stm32cubeide_1.4.0/stm32cubeide/plugins/com.st.stm32cube.ide.mcu.externaltools.gnu-tools-for-stm32.7-2018-q2-update.win32_1.5.0.202011040924/tools/bin/../lib/gcc/arm-none-eabi/7.3.1/../../../../arm-none-eabi/lib/thumb/v7e-m/fpv4-sp/hard\libc_nano.a(lib_a-mprec.o)
                0x00000000080065fe                _Balloc
 .text._Bfree   0x0000000008006666       0x2e c:/st/stm32cubeide_1.4.0/stm32cubeide/plugins/com.st.stm32cube.ide.mcu.externaltools.gnu-tools-for-stm32.7-2018-q2-update.win32_1.5.0.202011040924/tools/bin/../lib/gcc/arm-none-eabi/7.3.1/../../../../arm-none-eabi/lib/thumb/v7e-m/fpv4-sp/hard\libc_nano.a(lib_a-mprec.o)
                0x0000000008006666                _Bfree
 .text.__multadd
                0x0000000008006694       0x76 c:/st/stm32cubeide_1.4.0/stm32cubeide/plugins/com.st.stm32cube.ide.mcu.externaltools.gnu-tools-for-stm32.7-2018-q2-update.win32_1.5.0.202011040924/tools/bin/../lib/gcc/arm-none-eabi/7.3.1/../../../../arm-none-eabi/lib/thumb/v7e-m/fpv4-sp/hard\libc_nano.a(lib_a-mprec.o)
                0x0000000008006694                __multadd
 .text.__s2b    0x000000000800670a       0x7c c:/st/stm32cubeide_1.4.0/stm32cubeide/plugins/com.st.stm32cube.ide.mcu.externaltools.gnu-tools-for-stm32.7-2018-q2-update.win32_1.5.0.202011040924/tools/bin/../lib/gcc/arm-none-eabi/7.3.1/../../../../arm-none-eabi/lib/thumb/v7e-m/fpv4-sp/hard\libc_nano.a(lib_a-mprec.o)
                0x000000000800670a                __s2b
 .text.__hi0bits
                0x0000000008006786       0x3e c:/st/stm32cubeide_1.4.0/stm32cubeide/plugins/com.st.stm32cube.ide.mcu.externaltools.gnu-tools-for-stm32.7-2018-q2-update.win32_1.5.0.202011040924/tools/bin/../lib/gcc/arm-none-eabi/7.3.1/../../../../arm-none-eabi/lib/thumb/v7e-m/fpv4-sp/hard\libc_nano.a(lib_a-mprec.o)
                0x0000000008006786                __hi0bits
 .text.__lo0bits
                0x00000000080067c4       0x5e c:/st/stm32cubeide_1.4.0/stm32cubeide/plugins/com.st.stm32cube.ide.mcu.externaltools.gnu-tools-for-stm32.7-2018-q2-update.win32_1.5.0.202011040924/tools/bin/../lib/gcc/arm-none-eabi/7.3.1/../../../../arm-none-eabi/lib/thumb/v7e-m/fpv4-sp/hard\libc_nano.a(lib_a-mprec.o)
                0x00000000080067c4                __lo0bits
 .text.__i2b    0x0000000008006822       0x12 c:/st/stm32cubeide_1.4.0/stm32cubeide/plugins/com.st.stm32cube.ide.mcu.externaltools.gnu-tools-for-stm32.7-2018-q2-update.win32_1.5.0.202011040924/tools/bin/../lib/gcc/arm-none-eabi/7.3.1/../../../../arm-none-eabi/lib/thumb/v7e-m/fpv4-sp/hard\libc_nano.a(lib_a-mprec.o)
                0x0000000008006822                __i2b
 .text.__multiply
                0x0000000008006834      0x12c c:/st/stm32cubeide_1.4.0/stm32cubeide/plugins/com.st.stm32cube.ide.mcu.externaltools.gnu-tools-for-stm32.7-2018-q2-update.win32_1.5.0.202011040924/tools/bin/../lib/gcc/arm-none-eabi/7.3.1/../../../../arm-none-eabi/lib/thumb/v7e-m/fpv4-sp/hard\libc_nano.a(lib_a-mprec.o)
                0x0000000008006834                __multiply
 .text.__pow5mult
                0x0000000008006960       0x9c c:/st/stm32cubeide_1.4.0/stm32cubeide/plugins/com.st.stm32cube.ide.mcu.externaltools.gnu-tools-for-stm32.7-2018-q2-update.win32_1.5.0.202011040924/tools/bin/../lib/gcc/arm-none-eabi/7.3.1/../../../../arm-none-eabi/lib/thumb/v7e-m/fpv4-sp/hard\libc_nano.a(lib_a-mprec.o)
                0x0000000008006960                __pow5mult
 .text.__lshift
                0x00000000080069fc       0xa8 c:/st/stm32cubeide_1.4.0/stm32cubeide/plugins/com.st.stm32cube.ide.mcu.externaltools.gnu-tools-for-stm32.7-2018-q2-update.win32_1.5.0.202011040924/tools/bin/../lib/gcc/arm-none-eabi/7.3.1/../../../../arm-none-eabi/lib/thumb/v7e-m/fpv4-sp/hard\libc_nano.a(lib_a-mprec.o)
                0x00000000080069fc                __lshift
 .text.__mcmp   0x0000000008006aa4       0x34 c:/st/stm32cubeide_1.4.0/stm32cubeide/plugins/com.st.stm32cube.ide.mcu.externaltools.gnu-tools-for-stm32.7-2018-q2-update.win32_1.5.0.202011040924/tools/bin/../lib/gcc/arm-none-eabi/7.3.1/../../../../arm-none-eabi/lib/thumb/v7e-m/fpv4-sp/hard\libc_nano.a(lib_a-mprec.o)
                0x0000000008006aa4                __mcmp
 .text.__mdiff  0x0000000008006ad8       0xba c:/st/stm32cubeide_1.4.0/stm32cubeide/plugins/com.st.stm32cube.ide.mcu.externaltools.gnu-tools-for-stm32.7-2018-q2-update.win32_1.5.0.202011040924/tools/bin/../lib/gcc/arm-none-eabi/7.3.1/../../../../arm-none-eabi/lib/thumb/v7e-m/fpv4-sp/hard\libc_nano.a(lib_a-mprec.o)
                0x0000000008006ad8                __mdiff
 *fill*         0x0000000008006b92        0x2 
 .text.__ulp    0x0000000008006b94       0x50 c:/st/stm32cubeide_1.4.0/stm32cubeide/plugins/com.st.stm32cube.ide.mcu.externaltools.gnu-tools-for-stm32.7-2018-q2-update.win32_1.5.0.202011040924/tools/bin/../lib/gcc/arm-none-eabi/7.3.1/../../../../arm-none-eabi/lib/thumb/v7e-m/fpv4-sp/hard\libc_nano.a(lib_a-mprec.o)
                0x0000000008006b94                __ulp
 .text.__b2d    0x0000000008006be4       0x9c c:/st/stm32cubeide_1.4.0/stm32cubeide/plugins/com.st.stm32cube.ide.mcu.externaltools.gnu-tools-for-stm32.7-2018-q2-update.win32_1.5.0.202011040924/tools/bin/../lib/gcc/arm-none-eabi/7.3.1/../../../../arm-none-eabi/lib/thumb/v7e-m/fpv4-sp/hard\libc_nano.a(lib_a-mprec.o)
                0x0000000008006be4                __b2d
 .text.__d2b    0x0000000008006c80       0x9e c:/st/stm32cubeide_1.4.0/stm32cubeide/plugins/com.st.stm32cube.ide.mcu.externaltools.gnu-tools-for-stm32.7-2018-q2-update.win32_1.5.0.202011040924/tools/bin/../lib/gcc/arm-none-eabi/7.3.1/../../../../arm-none-eabi/lib/thumb/v7e-m/fpv4-sp/hard\libc_nano.a(lib_a-mprec.o)
                0x0000000008006c80                __d2b
 .text.__ratio  0x0000000008006d1e       0x66 c:/st/stm32cubeide_1.4.0/stm32cubeide/plugins/com.st.stm32cube.ide.mcu.externaltools.gnu-tools-for-stm32.7-2018-q2-update.win32_1.5.0.202011040924/tools/bin/../lib/gcc/arm-none-eabi/7.3.1/../../../../arm-none-eabi/lib/thumb/v7e-m/fpv4-sp/hard\libc_nano.a(lib_a-mprec.o)
                0x0000000008006d1e                __ratio
 .text.__copybits
                0x0000000008006d84       0x34 c:/st/stm32cubeide_1.4.0/stm32cubeide/plugins/com.st.stm32cube.ide.mcu.externaltools.gnu-tools-for-stm32.7-2018-q2-update.win32_1.5.0.202011040924/tools/bin/../lib/gcc/arm-none-eabi/7.3.1/../../../../arm-none-eabi/lib/thumb/v7e-m/fpv4-sp/hard\libc_nano.a(lib_a-mprec.o)
                0x0000000008006d84                __copybits
 .text.__any_on
                0x0000000008006db8       0x42 c:/st/stm32cubeide_1.4.0/stm32cubeide/plugins/com.st.stm32cube.ide.mcu.externaltools.gnu-tools-for-stm32.7-2018-q2-update.win32_1.5.0.202011040924/tools/bin/../lib/gcc/arm-none-eabi/7.3.1/../../../../arm-none-eabi/lib/thumb/v7e-m/fpv4-sp/hard\libc_nano.a(lib_a-mprec.o)
                0x0000000008006db8                __any_on
 .text._calloc_r
                0x0000000008006dfa       0x1c c:/st/stm32cubeide_1.4.0/stm32cubeide/plugins/com.st.stm32cube.ide.mcu.externaltools.gnu-tools-for-stm32.7-2018-q2-update.win32_1.5.0.202011040924/tools/bin/../lib/gcc/arm-none-eabi/7.3.1/../../../../arm-none-eabi/lib/thumb/v7e-m/fpv4-sp/hard\libc_nano.a(lib_a-nano-callocr.o)
                0x0000000008006dfa                _calloc_r
 *fill*         0x0000000008006e16        0x2 
 .text._free_r  0x0000000008006e18       0x9c c:/st/stm32cubeide_1.4.0/stm32cubeide/plugins/com.st.stm32cube.ide.mcu.externaltools.gnu-tools-for-stm32.7-2018-q2-update.win32_1.5.0.202011040924/tools/bin/../lib/gcc/arm-none-eabi/7.3.1/../../../../arm-none-eabi/lib/thumb/v7e-m/fpv4-sp/hard\libc_nano.a(lib_a-nano-freer.o)
                0x0000000008006e18                _free_r
 .text._malloc_r
                0x0000000008006eb4       0xb4 c:/st/stm32cubeide_1.4.0/stm32cubeide/plugins/com.st.stm32cube.ide.mcu.externaltools.gnu-tools-for-stm32.7-2018-q2-update.win32_1.5.0.202011040924/tools/bin/../lib/gcc/arm-none-eabi/7.3.1/../../../../arm-none-eabi/lib/thumb/v7e-m/fpv4-sp/hard\libc_nano.a(lib_a-nano-mallocr.o)
                0x0000000008006eb4                _malloc_r
 .text.__ssputs_r
                0x0000000008006f68       0xb4 c:/st/stm32cubeide_1.4.0/stm32cubeide/plugins/com.st.stm32cube.ide.mcu.externaltools.gnu-tools-for-stm32.7-2018-q2-update.win32_1.5.0.202011040924/tools/bin/../lib/gcc/arm-none-eabi/7.3.1/../../../../arm-none-eabi/lib/thumb/v7e-m/fpv4-sp/hard\libc_nano.a(lib_a-nano-svfprintf.o)
                0x0000000008006f68                __ssputs_r
 .text._svfprintf_r
                0x000000000800701c      0x1f0 c:/st/stm32cubeide_1.4.0/stm32cubeide/plugins/com.st.stm32cube.ide.mcu.externaltools.gnu-tools-for-stm32.7-2018-q2-update.win32_1.5.0.202011040924/tools/bin/../lib/gcc/arm-none-eabi/7.3.1/../../../../arm-none-eabi/lib/thumb/v7e-m/fpv4-sp/hard\libc_nano.a(lib_a-nano-svfprintf.o)
                0x000000000800701c                _svfiprintf_r
                0x000000000800701c                _svfprintf_r
 .text._sbrk_r  0x000000000800720c       0x20 c:/st/stm32cubeide_1.4.0/stm32cubeide/plugins/com.st.stm32cube.ide.mcu.externaltools.gnu-tools-for-stm32.7-2018-q2-update.win32_1.5.0.202011040924/tools/bin/../lib/gcc/arm-none-eabi/7.3.1/../../../../arm-none-eabi/lib/thumb/v7e-m/fpv4-sp/hard\libc_nano.a(lib_a-sbrkr.o)
                0x000000000800720c                _sbrk_r
 .text.strncmp  0x000000000800722c       0x24 c:/st/stm32cubeide_1.4.0/stm32cubeide/plugins/com.st.stm32cube.ide.mcu.externaltools.gnu-tools-for-stm32.7-2018-q2-update.win32_1.5.0.202011040924/tools/bin/../lib/gcc/arm-none-eabi/7.3.1/../../../../arm-none-eabi/lib/thumb/v7e-m/fpv4-sp/hard\libc_nano.a(lib_a-strncmp.o)
                0x000000000800722c                strncmp
 .text.__ascii_wctomb
                0x0000000008007250       0x1a c:/st/stm32cubeide_1.4.0/stm32cubeide/plugins/com.st.stm32cube.ide.mcu.externaltools.gnu-tools-for-stm32.7-2018-q2-update.win32_1.5.0.202011040924/tools/bin/../lib/gcc/arm-none-eabi/7.3.1/../../../../arm-none-eabi/lib/thumb/v7e-m/fpv4-sp/hard\libc_nano.a(lib_a-wctomb_r.o)
                0x0000000008007250                __ascii_wctomb
 .text.memmove  0x000000000800726a       0x32 c:/st/stm32cubeide_1.4.0/stm32cubeide/plugins/com.st.stm32cube.ide.mcu.externaltools.gnu-tools-for-stm32.7-2018-q2-update.win32_1.5.0.202011040924/tools/bin/../lib/gcc/arm-none-eabi/7.3.1/../../../../arm-none-eabi/lib/thumb/v7e-m/fpv4-sp/hard\libc_nano.a(lib_a-memmove.o)
                0x000000000800726a                memmove
 .text.__malloc_lock
                0x000000000800729c        0x2 c:/st/stm32cubeide_1.4.0/stm32cubeide/plugins/com.st.stm32cube.ide.mcu.externaltools.gnu-tools-for-stm32.7-2018-q2-update.win32_1.5.0.202011040924/tools/bin/../lib/gcc/arm-none-eabi/7.3.1/../../../../arm-none-eabi/lib/thumb/v7e-m/fpv4-sp/hard\libc_nano.a(lib_a-mlock.o)
                0x000000000800729c                __malloc_lock
 .text.__malloc_unlock
                0x000000000800729e        0x2 c:/st/stm32cubeide_1.4.0/stm32cubeide/plugins/com.st.stm32cube.ide.mcu.externaltools.gnu-tools-for-stm32.7-2018-q2-update.win32_1.5.0.202011040924/tools/bin/../lib/gcc/arm-none-eabi/7.3.1/../../../../arm-none-eabi/lib/thumb/v7e-m/fpv4-sp/hard\libc_nano.a(lib_a-mlock.o)
                0x000000000800729e                __malloc_unlock
 .text._realloc_r
                0x00000000080072a0       0x4c c:/st/stm32cubeide_1.4.0/stm32cubeide/plugins/com.st.stm32cube.ide.mcu.externaltools.gnu-tools-for-stm32.7-2018-q2-update.win32_1.5.0.202011040924/tools/bin/../lib/gcc/arm-none-eabi/7.3.1/../../../../arm-none-eabi/lib/thumb/v7e-m/fpv4-sp/hard\libc_nano.a(lib_a-nano-reallocr.o)
                0x00000000080072a0                _realloc_r
 .text._malloc_usable_size_r
                0x00000000080072ec       0x10 c:/st/stm32cubeide_1.4.0/stm32cubeide/plugins/com.st.stm32cube.ide.mcu.externaltools.gnu-tools-for-stm32.7-2018-q2-update.win32_1.5.0.202011040924/tools/bin/../lib/gcc/arm-none-eabi/7.3.1/../../../../arm-none-eabi/lib/thumb/v7e-m/fpv4-sp/hard\libc_nano.a(lib_a-nano-msizer.o)
                0x00000000080072ec                _malloc_usable_size_r
 *(.glue_7)
 .glue_7        0x00000000080072fc        0x0 linker stubs
 *(.glue_7t)
 .glue_7t       0x00000000080072fc        0x0 linker stubs
 *(.eh_frame)
 .eh_frame      0x00000000080072fc        0x0 c:/st/stm32cubeide_1.4.0/stm32cubeide/plugins/com.st.stm32cube.ide.mcu.externaltools.gnu-tools-for-stm32.7-2018-q2-update.win32_1.5.0.202011040924/tools/bin/../lib/gcc/arm-none-eabi/7.3.1/thumb/v7e-m/fpv4-sp/hard/crtbegin.o
 *(.init)
 .init          0x00000000080072fc        0x4 c:/st/stm32cubeide_1.4.0/stm32cubeide/plugins/com.st.stm32cube.ide.mcu.externaltools.gnu-tools-for-stm32.7-2018-q2-update.win32_1.5.0.202011040924/tools/bin/../lib/gcc/arm-none-eabi/7.3.1/thumb/v7e-m/fpv4-sp/hard/crti.o
                0x00000000080072fc                _init
 .init          0x0000000008007300        0x8 c:/st/stm32cubeide_1.4.0/stm32cubeide/plugins/com.st.stm32cube.ide.mcu.externaltools.gnu-tools-for-stm32.7-2018-q2-update.win32_1.5.0.202011040924/tools/bin/../lib/gcc/arm-none-eabi/7.3.1/thumb/v7e-m/fpv4-sp/hard/crtn.o
 *(.fini)
 .fini          0x0000000008007308        0x4 c:/st/stm32cubeide_1.4.0/stm32cubeide/plugins/com.st.stm32cube.ide.mcu.externaltools.gnu-tools-for-stm32.7-2018-q2-update.win32_1.5.0.202011040924/tools/bin/../lib/gcc/arm-none-eabi/7.3.1/thumb/v7e-m/fpv4-sp/hard/crti.o
                0x0000000008007308                _fini
 .fini          0x000000000800730c        0x8 c:/st/stm32cubeide_1.4.0/stm32cubeide/plugins/com.st.stm32cube.ide.mcu.externaltools.gnu-tools-for-stm32.7-2018-q2-update.win32_1.5.0.202011040924/tools/bin/../lib/gcc/arm-none-eabi/7.3.1/thumb/v7e-m/fpv4-sp/hard/crtn.o
                0x0000000008007314                . = ALIGN (0x4)
                0x0000000008007314                _etext = .

.vfp11_veneer   0x0000000008007314        0x0
 .vfp11_veneer  0x0000000008007314        0x0 linker stubs

.v4_bx          0x0000000008007314        0x0
 .v4_bx         0x0000000008007314        0x0 linker stubs

.iplt           0x0000000008007314        0x0
 .iplt          0x0000000008007314        0x0 c:/st/stm32cubeide_1.4.0/stm32cubeide/plugins/com.st.stm32cube.ide.mcu.externaltools.gnu-tools-for-stm32.7-2018-q2-update.win32_1.5.0.202011040924/tools/bin/../lib/gcc/arm-none-eabi/7.3.1/thumb/v7e-m/fpv4-sp/hard/crtbegin.o

.rodata         0x0000000008007318     0xd070
                0x0000000008007318                . = ALIGN (0x4)
 *(.rodata)
 .rodata        0x0000000008007318       0x31 Core/Src/Lcd/ili9488.o
 *fill*         0x0000000008007349        0x3 
 .rodata        0x000000000800734c       0x5a Core/Src/car_settings.o
 *fill*         0x00000000080073a6        0x2 
 .rodata        0x00000000080073a8       0xfd Core/Src/gui.o
 *fill*         0x00000000080074a5        0x3 
 .rodata        0x00000000080074a8        0x8 Core/Src/main.o
 *(.rodata*)
 .rodata.Font_RobotoBlack26_Table
                0x00000000080074b0     0x1cf2 Core/Src/Lcd/Fonts/Roboto/Black/RobotoBlack26.o
                0x00000000080074b0                Font_RobotoBlack26_Table
 *fill*         0x00000000080091a2        0x2 
 .rodata.Font_RobotoBlack36_Table
                0x00000000080091a4     0x3570 Core/Src/Lcd/Fonts/Roboto/Black/RobotoBlack36.o
                0x00000000080091a4                Font_RobotoBlack36_Table
 .rodata.Font_RobotoMedium22_Table
                0x000000000800c714     0x187e Core/Src/Lcd/Fonts/Roboto/Medium/RobotoMedium22.o
                0x000000000800c714                Font_RobotoMedium22_Table
 *fill*         0x000000000800df92        0x2 
 .rodata.Font_RobotoMedium24_Table
                0x000000000800df94     0x1ab8 Core/Src/Lcd/Fonts/Roboto/Medium/RobotoMedium24.o
                0x000000000800df94                Font_RobotoMedium24_Table
 .rodata.Font_RobotoMedium26_Table
                0x000000000800fa4c     0x1cf2 Core/Src/Lcd/Fonts/Roboto/Medium/RobotoMedium26.o
                0x000000000800fa4c                Font_RobotoMedium26_Table
 *fill*         0x000000000801173e        0x2 
 .rodata.Font_RobotoMedium28_Table
                0x0000000008011740     0x2990 Core/Src/Lcd/Fonts/Roboto/Medium/RobotoMedium28.o
                0x0000000008011740                Font_RobotoMedium28_Table
 .rodata._printf_float.str1.1
                0x00000000080140d0       0x12 c:/st/stm32cubeide_1.4.0/stm32cubeide/plugins/com.st.stm32cube.ide.mcu.externaltools.gnu-tools-for-stm32.7-2018-q2-update.win32_1.5.0.202011040924/tools/bin/../lib/gcc/arm-none-eabi/7.3.1/../../../../arm-none-eabi/lib/thumb/v7e-m/fpv4-sp/hard\libc_nano.a(lib_a-nano-vfprintf_float.o)
 .rodata._printf_i.str1.1
                0x00000000080140e2       0x22 c:/st/stm32cubeide_1.4.0/stm32cubeide/plugins/com.st.stm32cube.ide.mcu.externaltools.gnu-tools-for-stm32.7-2018-q2-update.win32_1.5.0.202011040924/tools/bin/../lib/gcc/arm-none-eabi/7.3.1/../../../../arm-none-eabi/lib/thumb/v7e-m/fpv4-sp/hard\libc_nano.a(lib_a-nano-vfprintf_i.o)
 .rodata._scanf_float.str1.1
                0x0000000008014104        0x5 c:/st/stm32cubeide_1.4.0/stm32cubeide/plugins/com.st.stm32cube.ide.mcu.externaltools.gnu-tools-for-stm32.7-2018-q2-update.win32_1.5.0.202011040924/tools/bin/../lib/gcc/arm-none-eabi/7.3.1/../../../../arm-none-eabi/lib/thumb/v7e-m/fpv4-sp/hard\libc_nano.a(lib_a-nano-vfscanf_float.o)
 .rodata._strtod_l.str1.1
                0x0000000008014109        0x5 c:/st/stm32cubeide_1.4.0/stm32cubeide/plugins/com.st.stm32cube.ide.mcu.externaltools.gnu-tools-for-stm32.7-2018-q2-update.win32_1.5.0.202011040924/tools/bin/../lib/gcc/arm-none-eabi/7.3.1/../../../../arm-none-eabi/lib/thumb/v7e-m/fpv4-sp/hard\libc_nano.a(lib_a-strtod.o)
                                          0xc (size before relaxing)
 *fill*         0x0000000008014109        0x3 
 .rodata.fpi.7435
                0x000000000801410c       0x14 c:/st/stm32cubeide_1.4.0/stm32cubeide/plugins/com.st.stm32cube.ide.mcu.externaltools.gnu-tools-for-stm32.7-2018-q2-update.win32_1.5.0.202011040924/tools/bin/../lib/gcc/arm-none-eabi/7.3.1/../../../../arm-none-eabi/lib/thumb/v7e-m/fpv4-sp/hard\libc_nano.a(lib_a-strtod.o)
 .rodata.fpinan.7471
                0x0000000008014120       0x14 c:/st/stm32cubeide_1.4.0/stm32cubeide/plugins/com.st.stm32cube.ide.mcu.externaltools.gnu-tools-for-stm32.7-2018-q2-update.win32_1.5.0.202011040924/tools/bin/../lib/gcc/arm-none-eabi/7.3.1/../../../../arm-none-eabi/lib/thumb/v7e-m/fpv4-sp/hard\libc_nano.a(lib_a-strtod.o)
 *fill*         0x0000000008014134        0x4 
 .rodata.tinytens
                0x0000000008014138       0x28 c:/st/stm32cubeide_1.4.0/stm32cubeide/plugins/com.st.stm32cube.ide.mcu.externaltools.gnu-tools-for-stm32.7-2018-q2-update.win32_1.5.0.202011040924/tools/bin/../lib/gcc/arm-none-eabi/7.3.1/../../../../arm-none-eabi/lib/thumb/v7e-m/fpv4-sp/hard\libc_nano.a(lib_a-strtod.o)
 .rodata._dtoa_r.str1.1
                0x0000000008014160        0xd c:/st/stm32cubeide_1.4.0/stm32cubeide/plugins/com.st.stm32cube.ide.mcu.externaltools.gnu-tools-for-stm32.7-2018-q2-update.win32_1.5.0.202011040924/tools/bin/../lib/gcc/arm-none-eabi/7.3.1/../../../../arm-none-eabi/lib/thumb/v7e-m/fpv4-sp/hard\libc_nano.a(lib_a-dtoa.o)
                                          0xf (size before relaxing)
 .rodata._setlocale_r.str1.1
                0x000000000801416d        0x8 c:/st/stm32cubeide_1.4.0/stm32cubeide/plugins/com.st.stm32cube.ide.mcu.externaltools.gnu-tools-for-stm32.7-2018-q2-update.win32_1.5.0.202011040924/tools/bin/../lib/gcc/arm-none-eabi/7.3.1/../../../../arm-none-eabi/lib/thumb/v7e-m/fpv4-sp/hard\libc_nano.a(lib_a-locale.o)
                                          0x9 (size before relaxing)
 .rodata.str1.1
                0x0000000008014175        0x2 c:/st/stm32cubeide_1.4.0/stm32cubeide/plugins/com.st.stm32cube.ide.mcu.externaltools.gnu-tools-for-stm32.7-2018-q2-update.win32_1.5.0.202011040924/tools/bin/../lib/gcc/arm-none-eabi/7.3.1/../../../../arm-none-eabi/lib/thumb/v7e-m/fpv4-sp/hard\libc_nano.a(lib_a-locale.o)
 *fill*         0x0000000008014177        0x1 
 .rodata.__mprec_bigtens
                0x0000000008014178       0x28 c:/st/stm32cubeide_1.4.0/stm32cubeide/plugins/com.st.stm32cube.ide.mcu.externaltools.gnu-tools-for-stm32.7-2018-q2-update.win32_1.5.0.202011040924/tools/bin/../lib/gcc/arm-none-eabi/7.3.1/../../../../arm-none-eabi/lib/thumb/v7e-m/fpv4-sp/hard\libc_nano.a(lib_a-mprec.o)
                0x0000000008014178                __mprec_bigtens
 .rodata.__mprec_tens
                0x00000000080141a0       0xc8 c:/st/stm32cubeide_1.4.0/stm32cubeide/plugins/com.st.stm32cube.ide.mcu.externaltools.gnu-tools-for-stm32.7-2018-q2-update.win32_1.5.0.202011040924/tools/bin/../lib/gcc/arm-none-eabi/7.3.1/../../../../arm-none-eabi/lib/thumb/v7e-m/fpv4-sp/hard\libc_nano.a(lib_a-mprec.o)
                0x00000000080141a0                __mprec_tens
 .rodata.p05.7359
                0x0000000008014268        0xc c:/st/stm32cubeide_1.4.0/stm32cubeide/plugins/com.st.stm32cube.ide.mcu.externaltools.gnu-tools-for-stm32.7-2018-q2-update.win32_1.5.0.202011040924/tools/bin/../lib/gcc/arm-none-eabi/7.3.1/../../../../arm-none-eabi/lib/thumb/v7e-m/fpv4-sp/hard\libc_nano.a(lib_a-mprec.o)
 .rodata._svfprintf_r.str1.1
                0x0000000008014274       0x11 c:/st/stm32cubeide_1.4.0/stm32cubeide/plugins/com.st.stm32cube.ide.mcu.externaltools.gnu-tools-for-stm32.7-2018-q2-update.win32_1.5.0.202011040924/tools/bin/../lib/gcc/arm-none-eabi/7.3.1/../../../../arm-none-eabi/lib/thumb/v7e-m/fpv4-sp/hard\libc_nano.a(lib_a-nano-svfprintf.o)
 .rodata._ctype_
                0x0000000008014285      0x101 c:/st/stm32cubeide_1.4.0/stm32cubeide/plugins/com.st.stm32cube.ide.mcu.externaltools.gnu-tools-for-stm32.7-2018-q2-update.win32_1.5.0.202011040924/tools/bin/../lib/gcc/arm-none-eabi/7.3.1/../../../../arm-none-eabi/lib/thumb/v7e-m/fpv4-sp/hard\libc_nano.a(lib_a-ctype_.o)
                0x0000000008014285                _ctype_
                0x0000000008014388                . = ALIGN (0x4)
 *fill*         0x0000000008014386        0x2 

.rel.dyn        0x0000000008014388        0x0
 .rel.iplt      0x0000000008014388        0x0 c:/st/stm32cubeide_1.4.0/stm32cubeide/plugins/com.st.stm32cube.ide.mcu.externaltools.gnu-tools-for-stm32.7-2018-q2-update.win32_1.5.0.202011040924/tools/bin/../lib/gcc/arm-none-eabi/7.3.1/thumb/v7e-m/fpv4-sp/hard/crtbegin.o

.ARM.extab      0x0000000008014388        0x0
                0x0000000008014388                . = ALIGN (0x4)
 *(.ARM.extab* .gnu.linkonce.armextab.*)
                0x0000000008014388                . = ALIGN (0x4)

.ARM            0x0000000008014388        0x0
                0x0000000008014388                . = ALIGN (0x4)
                0x0000000008014388                __exidx_start = .
 *(.ARM.exidx*)
                0x0000000008014388                __exidx_end = .
                0x0000000008014388                . = ALIGN (0x4)

.preinit_array  0x0000000008014388        0x0
                0x0000000008014388                . = ALIGN (0x4)
                0x0000000008014388                PROVIDE (__preinit_array_start = .)
 *(.preinit_array*)
                0x0000000008014388                PROVIDE (__preinit_array_end = .)
                0x0000000008014388                . = ALIGN (0x4)

.init_array     0x0000000008014388        0x4
                0x0000000008014388                . = ALIGN (0x4)
                0x0000000008014388                PROVIDE (__init_array_start = .)
 *(SORT_BY_NAME(.init_array.*))
 *(.init_array*)
 .init_array    0x0000000008014388        0x4 c:/st/stm32cubeide_1.4.0/stm32cubeide/plugins/com.st.stm32cube.ide.mcu.externaltools.gnu-tools-for-stm32.7-2018-q2-update.win32_1.5.0.202011040924/tools/bin/../lib/gcc/arm-none-eabi/7.3.1/thumb/v7e-m/fpv4-sp/hard/crtbegin.o
                0x000000000801438c                PROVIDE (__init_array_end = .)
                0x000000000801438c                . = ALIGN (0x4)

.fini_array     0x000000000801438c        0x4
                0x000000000801438c                . = ALIGN (0x4)
                [!provide]                        PROVIDE (__fini_array_start = .)
 *(SORT_BY_NAME(.fini_array.*))
 *(.fini_array*)
 .fini_array    0x000000000801438c        0x4 c:/st/stm32cubeide_1.4.0/stm32cubeide/plugins/com.st.stm32cube.ide.mcu.externaltools.gnu-tools-for-stm32.7-2018-q2-update.win32_1.5.0.202011040924/tools/bin/../lib/gcc/arm-none-eabi/7.3.1/thumb/v7e-m/fpv4-sp/hard/crtbegin.o
                [!provide]                        PROVIDE (__fini_array_end = .)
                0x0000000008014390                . = ALIGN (0x4)
                0x0000000008014390                _sidata = LOADADDR (.data)

.data           0x0000000020000000      0x2c4 load address 0x0000000008014390
                0x0000000020000000                . = ALIGN (0x4)
                0x0000000020000000                _sdata = .
 *(.data)
 *(.data*)
 .data.Font_RobotoBlack26
                0x0000000020000000        0x8 Core/Src/Lcd/Fonts/Roboto/Black/RobotoBlack26.o
                0x0000000020000000                Font_RobotoBlack26
 .data.Font_RobotoBlack36
                0x0000000020000008        0x8 Core/Src/Lcd/Fonts/Roboto/Black/RobotoBlack36.o
                0x0000000020000008                Font_RobotoBlack36
 .data.Font_RobotoMedium22
                0x0000000020000010        0x8 Core/Src/Lcd/Fonts/Roboto/Medium/RobotoMedium22.o
                0x0000000020000010                Font_RobotoMedium22
 .data.Font_RobotoMedium24
                0x0000000020000018        0x8 Core/Src/Lcd/Fonts/Roboto/Medium/RobotoMedium24.o
                0x0000000020000018                Font_RobotoMedium24
 .data.Font_RobotoMedium26
                0x0000000020000020        0x8 Core/Src/Lcd/Fonts/Roboto/Medium/RobotoMedium26.o
                0x0000000020000020                Font_RobotoMedium26
 .data.Font_RobotoMedium28
                0x0000000020000028        0x8 Core/Src/Lcd/Fonts/Roboto/Medium/RobotoMedium28.o
                0x0000000020000028                Font_RobotoMedium28
 .data.ili9488_drv
                0x0000000020000030       0x44 Core/Src/Lcd/ili9488.o
                0x0000000020000030                ili9488_drv
 .data.lcd_drv  0x0000000020000074        0x4 Core/Src/Lcd/ili9488.o
                0x0000000020000074                lcd_drv
 .data.drivers  0x0000000020000078       0x20 Core/Src/car_settings.o
                0x0000000020000078                drivers
 .data.events   0x0000000020000098       0x20 Core/Src/car_settings.o
                0x0000000020000098                events
 .data.menus    0x00000000200000b8       0x10 Core/Src/gui.o
                0x00000000200000b8                menus
 .data.current_screen
                0x00000000200000c8        0x1 Core/Src/main.o
                0x00000000200000c8                current_screen
 *fill*         0x00000000200000c9        0x3 
 .data.accumul_volts
                0x00000000200000cc        0x4 Core/Src/main.o
                0x00000000200000cc                accumul_volts
 .data.accumul_temp
                0x00000000200000d0        0x4 Core/Src/main.o
                0x00000000200000d0                accumul_temp
 .data.gearbox_temp
                0x00000000200000d4        0x4 Core/Src/main.o
                0x00000000200000d4                gearbox_temp
 .data.inverter_temp
                0x00000000200000d8        0x4 Core/Src/main.o
                0x00000000200000d8                inverter_temp
 .data.motor_temp
                0x00000000200000dc        0x4 Core/Src/main.o
                0x00000000200000dc                motor_temp
 .data.accumul_charge
                0x00000000200000e0        0x4 Core/Src/main.o
                0x00000000200000e0                accumul_charge
 .data.accumul_delta
                0x00000000200000e4        0x4 Core/Src/main.o
                0x00000000200000e4                accumul_delta
 .data.current_driver
                0x00000000200000e8        0x8 Core/Src/main.o
                0x00000000200000e8                current_driver
 .data.uwTickFreq
                0x00000000200000f0        0x1 Drivers/STM32F3xx_HAL_Driver/Src/stm32f3xx_hal.o
                0x00000000200000f0                uwTickFreq
 *fill*         0x00000000200000f1        0x3 
 .data._impure_ptr
                0x00000000200000f4        0x4 c:/st/stm32cubeide_1.4.0/stm32cubeide/plugins/com.st.stm32cube.ide.mcu.externaltools.gnu-tools-for-stm32.7-2018-q2-update.win32_1.5.0.202011040924/tools/bin/../lib/gcc/arm-none-eabi/7.3.1/../../../../arm-none-eabi/lib/thumb/v7e-m/fpv4-sp/hard\libc_nano.a(lib_a-impure.o)
                0x00000000200000f4                _impure_ptr
 .data.impure_data
                0x00000000200000f8       0x60 c:/st/stm32cubeide_1.4.0/stm32cubeide/plugins/com.st.stm32cube.ide.mcu.externaltools.gnu-tools-for-stm32.7-2018-q2-update.win32_1.5.0.202011040924/tools/bin/../lib/gcc/arm-none-eabi/7.3.1/../../../../arm-none-eabi/lib/thumb/v7e-m/fpv4-sp/hard\libc_nano.a(lib_a-impure.o)
 .data.__global_locale
                0x0000000020000158      0x16c c:/st/stm32cubeide_1.4.0/stm32cubeide/plugins/com.st.stm32cube.ide.mcu.externaltools.gnu-tools-for-stm32.7-2018-q2-update.win32_1.5.0.202011040924/tools/bin/../lib/gcc/arm-none-eabi/7.3.1/../../../../arm-none-eabi/lib/thumb/v7e-m/fpv4-sp/hard\libc_nano.a(lib_a-locale.o)
                0x0000000020000158                __global_locale
                0x00000000200002c4                . = ALIGN (0x4)
                0x00000000200002c4                _edata = .

.igot.plt       0x00000000200002c4        0x0 load address 0x0000000008014654
 .igot.plt      0x00000000200002c4        0x0 c:/st/stm32cubeide_1.4.0/stm32cubeide/plugins/com.st.stm32cube.ide.mcu.externaltools.gnu-tools-for-stm32.7-2018-q2-update.win32_1.5.0.202011040924/tools/bin/../lib/gcc/arm-none-eabi/7.3.1/thumb/v7e-m/fpv4-sp/hard/crtbegin.o
                0x00000000200002c4                . = ALIGN (0x4)

.bss            0x00000000200002c4      0x3c8 load address 0x0000000008014654
                0x00000000200002c4                _sbss = .
                0x00000000200002c4                __bss_start__ = _sbss
 *(.bss)
 .bss           0x00000000200002c4       0x1c c:/st/stm32cubeide_1.4.0/stm32cubeide/plugins/com.st.stm32cube.ide.mcu.externaltools.gnu-tools-for-stm32.7-2018-q2-update.win32_1.5.0.202011040924/tools/bin/../lib/gcc/arm-none-eabi/7.3.1/thumb/v7e-m/fpv4-sp/hard/crtbegin.o
 *(.bss*)
 .bss.Is_ili9488_Initialized
                0x00000000200002e0        0x1 Core/Src/Lcd/ili9488.o
 *fill*         0x00000000200002e1        0x1 
 .bss.yStart    0x00000000200002e2        0x2 Core/Src/Lcd/ili9488.o
 .bss.yEnd      0x00000000200002e4        0x2 Core/Src/Lcd/ili9488.o
 *fill*         0x00000000200002e6        0x2 
 .bss.scrparam.8768
                0x00000000200002e8        0x8 Core/Src/Lcd/ili9488.o
 .bss.bitmap    0x00000000200002f0      0x366 Core/Src/Lcd/stm32_adafruit_lcd.o
 .bss.menu_pot_incremented
                0x0000000020000656        0x1 Core/Src/gui.o
                0x0000000020000656                menu_pot_incremented
 .bss.menu_pot_decremented
                0x0000000020000657        0x1 Core/Src/gui.o
                0x0000000020000657                menu_pot_decremented
 .bss.activate_btn_pressed
                0x0000000020000658        0x1 Core/Src/main.o
                0x0000000020000658                activate_btn_pressed
 .bss.back_btn_pressed
                0x0000000020000659        0x1 Core/Src/main.o
                0x0000000020000659                back_btn_pressed
 *fill*         0x000000002000065a        0x2 
 .bss.__sbrk_heap_end
                0x000000002000065c        0x4 Core/Src/sysmem.o
 .bss.__malloc_free_list
                0x0000000020000660        0x4 c:/st/stm32cubeide_1.4.0/stm32cubeide/plugins/com.st.stm32cube.ide.mcu.externaltools.gnu-tools-for-stm32.7-2018-q2-update.win32_1.5.0.202011040924/tools/bin/../lib/gcc/arm-none-eabi/7.3.1/../../../../arm-none-eabi/lib/thumb/v7e-m/fpv4-sp/hard\libc_nano.a(lib_a-nano-mallocr.o)
                0x0000000020000660                __malloc_free_list
 .bss.__malloc_sbrk_start
                0x0000000020000664        0x4 c:/st/stm32cubeide_1.4.0/stm32cubeide/plugins/com.st.stm32cube.ide.mcu.externaltools.gnu-tools-for-stm32.7-2018-q2-update.win32_1.5.0.202011040924/tools/bin/../lib/gcc/arm-none-eabi/7.3.1/../../../../arm-none-eabi/lib/thumb/v7e-m/fpv4-sp/hard\libc_nano.a(lib_a-nano-mallocr.o)
                0x0000000020000664                __malloc_sbrk_start
 *(COMMON)
 COMMON         0x0000000020000668        0xc Core/Src/Lcd/stm32_adafruit_lcd.o
                0x0000000020000668                DrawProp
 COMMON         0x0000000020000674        0xe Core/Src/main.o
                0x0000000020000674                raw
                0x0000000020000678                current_event
                0x0000000020000680                selected_menu_option
                0x0000000020000681                max_menu_option
 *fill*         0x0000000020000682        0x2 
 COMMON         0x0000000020000684        0x4 Drivers/STM32F3xx_HAL_Driver/Src/stm32f3xx_hal.o
                0x0000000020000684                uwTick
 COMMON         0x0000000020000688        0x4 c:/st/stm32cubeide_1.4.0/stm32cubeide/plugins/com.st.stm32cube.ide.mcu.externaltools.gnu-tools-for-stm32.7-2018-q2-update.win32_1.5.0.202011040924/tools/bin/../lib/gcc/arm-none-eabi/7.3.1/../../../../arm-none-eabi/lib/thumb/v7e-m/fpv4-sp/hard\libc_nano.a(lib_a-reent.o)
                0x0000000020000688                errno
                0x000000002000068c                . = ALIGN (0x4)
                0x000000002000068c                _ebss = .
                0x000000002000068c                __bss_end__ = _ebss

._user_heap_stack
                0x000000002000068c      0x604 load address 0x0000000008014654
                0x0000000020000690                . = ALIGN (0x8)
 *fill*         0x000000002000068c        0x4 
                [!provide]                        PROVIDE (end = .)
                0x0000000020000690                PROVIDE (_end = .)
                0x0000000020000890                . = (. + _Min_Heap_Size)
 *fill*         0x0000000020000690      0x200 
                0x0000000020000c90                . = (. + _Min_Stack_Size)
 *fill*         0x0000000020000890      0x400 
                0x0000000020000c90                . = ALIGN (0x8)

/DISCARD/
 libc.a(*)
 libm.a(*)
 libgcc.a(*)

.ARM.attributes
                0x0000000000000000       0x30
 *(.ARM.attributes)
 .ARM.attributes
                0x0000000000000000       0x22 c:/st/stm32cubeide_1.4.0/stm32cubeide/plugins/com.st.stm32cube.ide.mcu.externaltools.gnu-tools-for-stm32.7-2018-q2-update.win32_1.5.0.202011040924/tools/bin/../lib/gcc/arm-none-eabi/7.3.1/thumb/v7e-m/fpv4-sp/hard/crti.o
 .ARM.attributes
                0x0000000000000022       0x34 c:/st/stm32cubeide_1.4.0/stm32cubeide/plugins/com.st.stm32cube.ide.mcu.externaltools.gnu-tools-for-stm32.7-2018-q2-update.win32_1.5.0.202011040924/tools/bin/../lib/gcc/arm-none-eabi/7.3.1/thumb/v7e-m/fpv4-sp/hard/crtbegin.o
 .ARM.attributes
                0x0000000000000056       0x39 Core/Src/Lcd/Fonts/Roboto/Black/RobotoBlack26.o
 .ARM.attributes
                0x000000000000008f       0x39 Core/Src/Lcd/Fonts/Roboto/Black/RobotoBlack36.o
 .ARM.attributes
                0x00000000000000c8       0x39 Core/Src/Lcd/Fonts/Roboto/Medium/RobotoMedium22.o
 .ARM.attributes
                0x0000000000000101       0x39 Core/Src/Lcd/Fonts/Roboto/Medium/RobotoMedium24.o
 .ARM.attributes
                0x000000000000013a       0x39 Core/Src/Lcd/Fonts/Roboto/Medium/RobotoMedium26.o
 .ARM.attributes
                0x0000000000000173       0x39 Core/Src/Lcd/Fonts/Roboto/Medium/RobotoMedium28.o
 .ARM.attributes
                0x00000000000001ac       0x39 Core/Src/Lcd/ili9488.o
 .ARM.attributes
                0x00000000000001e5       0x39 Core/Src/Lcd/lcd_io_spi.o
 .ARM.attributes
                0x000000000000021e       0x39 Core/Src/Lcd/stm32_adafruit_lcd.o
 .ARM.attributes
                0x0000000000000257       0x39 Core/Src/car_settings.o
 .ARM.attributes
                0x0000000000000290       0x39 Core/Src/gui.o
 .ARM.attributes
                0x00000000000002c9       0x39 Core/Src/main.o
 .ARM.attributes
                0x0000000000000302       0x39 Core/Src/stm32f3xx_it.o
 .ARM.attributes
                0x000000000000033b       0x39 Core/Src/sysmem.o
 .ARM.attributes
                0x0000000000000374       0x39 Core/Src/system_stm32f3xx.o
 .ARM.attributes
                0x00000000000003ad       0x21 Core/Startup/startup_stm32f302rctx.o
 .ARM.attributes
                0x00000000000003ce       0x39 Drivers/STM32F3xx_HAL_Driver/Src/stm32f3xx_hal.o
 .ARM.attributes
                0x0000000000000407       0x34 c:/st/stm32cubeide_1.4.0/stm32cubeide/plugins/com.st.stm32cube.ide.mcu.externaltools.gnu-tools-for-stm32.7-2018-q2-update.win32_1.5.0.202011040924/tools/bin/../lib/gcc/arm-none-eabi/7.3.1/../../../../arm-none-eabi/lib/thumb/v7e-m/fpv4-sp/hard\libc_nano.a(lib_a-errno.o)
 .ARM.attributes
                0x000000000000043b       0x34 c:/st/stm32cubeide_1.4.0/stm32cubeide/plugins/com.st.stm32cube.ide.mcu.externaltools.gnu-tools-for-stm32.7-2018-q2-update.win32_1.5.0.202011040924/tools/bin/../lib/gcc/arm-none-eabi/7.3.1/../../../../arm-none-eabi/lib/thumb/v7e-m/fpv4-sp/hard\libc_nano.a(lib_a-impure.o)
 .ARM.attributes
                0x000000000000046f       0x34 c:/st/stm32cubeide_1.4.0/stm32cubeide/plugins/com.st.stm32cube.ide.mcu.externaltools.gnu-tools-for-stm32.7-2018-q2-update.win32_1.5.0.202011040924/tools/bin/../lib/gcc/arm-none-eabi/7.3.1/../../../../arm-none-eabi/lib/thumb/v7e-m/fpv4-sp/hard\libc_nano.a(lib_a-init.o)
 .ARM.attributes
                0x00000000000004a3       0x34 c:/st/stm32cubeide_1.4.0/stm32cubeide/plugins/com.st.stm32cube.ide.mcu.externaltools.gnu-tools-for-stm32.7-2018-q2-update.win32_1.5.0.202011040924/tools/bin/../lib/gcc/arm-none-eabi/7.3.1/../../../../arm-none-eabi/lib/thumb/v7e-m/fpv4-sp/hard\libc_nano.a(lib_a-memset.o)
 .ARM.attributes
                0x00000000000004d7       0x34 c:/st/stm32cubeide_1.4.0/stm32cubeide/plugins/com.st.stm32cube.ide.mcu.externaltools.gnu-tools-for-stm32.7-2018-q2-update.win32_1.5.0.202011040924/tools/bin/../lib/gcc/arm-none-eabi/7.3.1/../../../../arm-none-eabi/lib/thumb/v7e-m/fpv4-sp/hard\libc_nano.a(lib_a-nano-vfprintf_float.o)
 .ARM.attributes
                0x000000000000050b       0x34 c:/st/stm32cubeide_1.4.0/stm32cubeide/plugins/com.st.stm32cube.ide.mcu.externaltools.gnu-tools-for-stm32.7-2018-q2-update.win32_1.5.0.202011040924/tools/bin/../lib/gcc/arm-none-eabi/7.3.1/../../../../arm-none-eabi/lib/thumb/v7e-m/fpv4-sp/hard\libc_nano.a(lib_a-nano-vfprintf_i.o)
 .ARM.attributes
                0x000000000000053f       0x34 c:/st/stm32cubeide_1.4.0/stm32cubeide/plugins/com.st.stm32cube.ide.mcu.externaltools.gnu-tools-for-stm32.7-2018-q2-update.win32_1.5.0.202011040924/tools/bin/../lib/gcc/arm-none-eabi/7.3.1/../../../../arm-none-eabi/lib/thumb/v7e-m/fpv4-sp/hard\libc_nano.a(lib_a-nano-vfscanf_float.o)
 .ARM.attributes
                0x0000000000000573       0x34 c:/st/stm32cubeide_1.4.0/stm32cubeide/plugins/com.st.stm32cube.ide.mcu.externaltools.gnu-tools-for-stm32.7-2018-q2-update.win32_1.5.0.202011040924/tools/bin/../lib/gcc/arm-none-eabi/7.3.1/../../../../arm-none-eabi/lib/thumb/v7e-m/fpv4-sp/hard\libc_nano.a(lib_a-sf_nan.o)
 .ARM.attributes
                0x00000000000005a7       0x34 c:/st/stm32cubeide_1.4.0/stm32cubeide/plugins/com.st.stm32cube.ide.mcu.externaltools.gnu-tools-for-stm32.7-2018-q2-update.win32_1.5.0.202011040924/tools/bin/../lib/gcc/arm-none-eabi/7.3.1/../../../../arm-none-eabi/lib/thumb/v7e-m/fpv4-sp/hard\libc_nano.a(lib_a-sprintf.o)
 .ARM.attributes
                0x00000000000005db       0x1b c:/st/stm32cubeide_1.4.0/stm32cubeide/plugins/com.st.stm32cube.ide.mcu.externaltools.gnu-tools-for-stm32.7-2018-q2-update.win32_1.5.0.202011040924/tools/bin/../lib/gcc/arm-none-eabi/7.3.1/../../../../arm-none-eabi/lib/thumb/v7e-m/fpv4-sp/hard\libc_nano.a(lib_a-strlen.o)
 .ARM.attributes
                0x00000000000005f6       0x34 c:/st/stm32cubeide_1.4.0/stm32cubeide/plugins/com.st.stm32cube.ide.mcu.externaltools.gnu-tools-for-stm32.7-2018-q2-update.win32_1.5.0.202011040924/tools/bin/../lib/gcc/arm-none-eabi/7.3.1/../../../../arm-none-eabi/lib/thumb/v7e-m/fpv4-sp/hard\libc_nano.a(lib_a-strtod.o)
 .ARM.attributes
                0x000000000000062a       0x34 c:/st/stm32cubeide_1.4.0/stm32cubeide/plugins/com.st.stm32cube.ide.mcu.externaltools.gnu-tools-for-stm32.7-2018-q2-update.win32_1.5.0.202011040924/tools/bin/../lib/gcc/arm-none-eabi/7.3.1/../../../../arm-none-eabi/lib/thumb/v7e-m/fpv4-sp/hard\libc_nano.a(lib_a-strtol.o)
 .ARM.attributes
                0x000000000000065e       0x34 c:/st/stm32cubeide_1.4.0/stm32cubeide/plugins/com.st.stm32cube.ide.mcu.externaltools.gnu-tools-for-stm32.7-2018-q2-update.win32_1.5.0.202011040924/tools/bin/../lib/gcc/arm-none-eabi/7.3.1/../../../../arm-none-eabi/lib/thumb/v7e-m/fpv4-sp/hard\libc_nano.a(lib_a-dtoa.o)
 .ARM.attributes
                0x0000000000000692       0x34 c:/st/stm32cubeide_1.4.0/stm32cubeide/plugins/com.st.stm32cube.ide.mcu.externaltools.gnu-tools-for-stm32.7-2018-q2-update.win32_1.5.0.202011040924/tools/bin/../lib/gcc/arm-none-eabi/7.3.1/../../../../arm-none-eabi/lib/thumb/v7e-m/fpv4-sp/hard\libc_nano.a(lib_a-gdtoa-gethex.o)
 .ARM.attributes
                0x00000000000006c6       0x34 c:/st/stm32cubeide_1.4.0/stm32cubeide/plugins/com.st.stm32cube.ide.mcu.externaltools.gnu-tools-for-stm32.7-2018-q2-update.win32_1.5.0.202011040924/tools/bin/../lib/gcc/arm-none-eabi/7.3.1/../../../../arm-none-eabi/lib/thumb/v7e-m/fpv4-sp/hard\libc_nano.a(lib_a-gdtoa-hexnan.o)
 .ARM.attributes
                0x00000000000006fa       0x34 c:/st/stm32cubeide_1.4.0/stm32cubeide/plugins/com.st.stm32cube.ide.mcu.externaltools.gnu-tools-for-stm32.7-2018-q2-update.win32_1.5.0.202011040924/tools/bin/../lib/gcc/arm-none-eabi/7.3.1/../../../../arm-none-eabi/lib/thumb/v7e-m/fpv4-sp/hard\libc_nano.a(lib_a-locale.o)
 .ARM.attributes
                0x000000000000072e       0x34 c:/st/stm32cubeide_1.4.0/stm32cubeide/plugins/com.st.stm32cube.ide.mcu.externaltools.gnu-tools-for-stm32.7-2018-q2-update.win32_1.5.0.202011040924/tools/bin/../lib/gcc/arm-none-eabi/7.3.1/../../../../arm-none-eabi/lib/thumb/v7e-m/fpv4-sp/hard\libc_nano.a(lib_a-localeconv.o)
 .ARM.attributes
                0x0000000000000762       0x34 c:/st/stm32cubeide_1.4.0/stm32cubeide/plugins/com.st.stm32cube.ide.mcu.externaltools.gnu-tools-for-stm32.7-2018-q2-update.win32_1.5.0.202011040924/tools/bin/../lib/gcc/arm-none-eabi/7.3.1/../../../../arm-none-eabi/lib/thumb/v7e-m/fpv4-sp/hard\libc_nano.a(lib_a-malloc.o)
 .ARM.attributes
                0x0000000000000796       0x34 c:/st/stm32cubeide_1.4.0/stm32cubeide/plugins/com.st.stm32cube.ide.mcu.externaltools.gnu-tools-for-stm32.7-2018-q2-update.win32_1.5.0.202011040924/tools/bin/../lib/gcc/arm-none-eabi/7.3.1/../../../../arm-none-eabi/lib/thumb/v7e-m/fpv4-sp/hard\libc_nano.a(lib_a-mbtowc_r.o)
 .ARM.attributes
                0x00000000000007ca       0x20 c:/st/stm32cubeide_1.4.0/stm32cubeide/plugins/com.st.stm32cube.ide.mcu.externaltools.gnu-tools-for-stm32.7-2018-q2-update.win32_1.5.0.202011040924/tools/bin/../lib/gcc/arm-none-eabi/7.3.1/../../../../arm-none-eabi/lib/thumb/v7e-m/fpv4-sp/hard\libc_nano.a(lib_a-memchr.o)
 .ARM.attributes
                0x00000000000007ea       0x34 c:/st/stm32cubeide_1.4.0/stm32cubeide/plugins/com.st.stm32cube.ide.mcu.externaltools.gnu-tools-for-stm32.7-2018-q2-update.win32_1.5.0.202011040924/tools/bin/../lib/gcc/arm-none-eabi/7.3.1/../../../../arm-none-eabi/lib/thumb/v7e-m/fpv4-sp/hard\libc_nano.a(lib_a-memcpy-stub.o)
 .ARM.attributes
                0x000000000000081e       0x34 c:/st/stm32cubeide_1.4.0/stm32cubeide/plugins/com.st.stm32cube.ide.mcu.externaltools.gnu-tools-for-stm32.7-2018-q2-update.win32_1.5.0.202011040924/tools/bin/../lib/gcc/arm-none-eabi/7.3.1/../../../../arm-none-eabi/lib/thumb/v7e-m/fpv4-sp/hard\libc_nano.a(lib_a-mprec.o)
 .ARM.attributes
                0x0000000000000852       0x34 c:/st/stm32cubeide_1.4.0/stm32cubeide/plugins/com.st.stm32cube.ide.mcu.externaltools.gnu-tools-for-stm32.7-2018-q2-update.win32_1.5.0.202011040924/tools/bin/../lib/gcc/arm-none-eabi/7.3.1/../../../../arm-none-eabi/lib/thumb/v7e-m/fpv4-sp/hard\libc_nano.a(lib_a-nano-callocr.o)
 .ARM.attributes
                0x0000000000000886       0x34 c:/st/stm32cubeide_1.4.0/stm32cubeide/plugins/com.st.stm32cube.ide.mcu.externaltools.gnu-tools-for-stm32.7-2018-q2-update.win32_1.5.0.202011040924/tools/bin/../lib/gcc/arm-none-eabi/7.3.1/../../../../arm-none-eabi/lib/thumb/v7e-m/fpv4-sp/hard\libc_nano.a(lib_a-nano-freer.o)
 .ARM.attributes
                0x00000000000008ba       0x34 c:/st/stm32cubeide_1.4.0/stm32cubeide/plugins/com.st.stm32cube.ide.mcu.externaltools.gnu-tools-for-stm32.7-2018-q2-update.win32_1.5.0.202011040924/tools/bin/../lib/gcc/arm-none-eabi/7.3.1/../../../../arm-none-eabi/lib/thumb/v7e-m/fpv4-sp/hard\libc_nano.a(lib_a-nano-mallocr.o)
 .ARM.attributes
                0x00000000000008ee       0x34 c:/st/stm32cubeide_1.4.0/stm32cubeide/plugins/com.st.stm32cube.ide.mcu.externaltools.gnu-tools-for-stm32.7-2018-q2-update.win32_1.5.0.202011040924/tools/bin/../lib/gcc/arm-none-eabi/7.3.1/../../../../arm-none-eabi/lib/thumb/v7e-m/fpv4-sp/hard\libc_nano.a(lib_a-nano-svfprintf.o)
 .ARM.attributes
                0x0000000000000922       0x34 c:/st/stm32cubeide_1.4.0/stm32cubeide/plugins/com.st.stm32cube.ide.mcu.externaltools.gnu-tools-for-stm32.7-2018-q2-update.win32_1.5.0.202011040924/tools/bin/../lib/gcc/arm-none-eabi/7.3.1/../../../../arm-none-eabi/lib/thumb/v7e-m/fpv4-sp/hard\libc_nano.a(lib_a-sbrkr.o)
 .ARM.attributes
                0x0000000000000956       0x34 c:/st/stm32cubeide_1.4.0/stm32cubeide/plugins/com.st.stm32cube.ide.mcu.externaltools.gnu-tools-for-stm32.7-2018-q2-update.win32_1.5.0.202011040924/tools/bin/../lib/gcc/arm-none-eabi/7.3.1/../../../../arm-none-eabi/lib/thumb/v7e-m/fpv4-sp/hard\libc_nano.a(lib_a-strncmp.o)
 .ARM.attributes
                0x000000000000098a       0x34 c:/st/stm32cubeide_1.4.0/stm32cubeide/plugins/com.st.stm32cube.ide.mcu.externaltools.gnu-tools-for-stm32.7-2018-q2-update.win32_1.5.0.202011040924/tools/bin/../lib/gcc/arm-none-eabi/7.3.1/../../../../arm-none-eabi/lib/thumb/v7e-m/fpv4-sp/hard\libc_nano.a(lib_a-wctomb_r.o)
 .ARM.attributes
                0x00000000000009be       0x34 c:/st/stm32cubeide_1.4.0/stm32cubeide/plugins/com.st.stm32cube.ide.mcu.externaltools.gnu-tools-for-stm32.7-2018-q2-update.win32_1.5.0.202011040924/tools/bin/../lib/gcc/arm-none-eabi/7.3.1/../../../../arm-none-eabi/lib/thumb/v7e-m/fpv4-sp/hard\libc_nano.a(lib_a-ctype_.o)
 .ARM.attributes
                0x00000000000009f2       0x34 c:/st/stm32cubeide_1.4.0/stm32cubeide/plugins/com.st.stm32cube.ide.mcu.externaltools.gnu-tools-for-stm32.7-2018-q2-update.win32_1.5.0.202011040924/tools/bin/../lib/gcc/arm-none-eabi/7.3.1/../../../../arm-none-eabi/lib/thumb/v7e-m/fpv4-sp/hard\libc_nano.a(lib_a-memmove.o)
 .ARM.attributes
                0x0000000000000a26       0x34 c:/st/stm32cubeide_1.4.0/stm32cubeide/plugins/com.st.stm32cube.ide.mcu.externaltools.gnu-tools-for-stm32.7-2018-q2-update.win32_1.5.0.202011040924/tools/bin/../lib/gcc/arm-none-eabi/7.3.1/../../../../arm-none-eabi/lib/thumb/v7e-m/fpv4-sp/hard\libc_nano.a(lib_a-mlock.o)
 .ARM.attributes
                0x0000000000000a5a       0x34 c:/st/stm32cubeide_1.4.0/stm32cubeide/plugins/com.st.stm32cube.ide.mcu.externaltools.gnu-tools-for-stm32.7-2018-q2-update.win32_1.5.0.202011040924/tools/bin/../lib/gcc/arm-none-eabi/7.3.1/../../../../arm-none-eabi/lib/thumb/v7e-m/fpv4-sp/hard\libc_nano.a(lib_a-nano-reallocr.o)
 .ARM.attributes
                0x0000000000000a8e       0x34 c:/st/stm32cubeide_1.4.0/stm32cubeide/plugins/com.st.stm32cube.ide.mcu.externaltools.gnu-tools-for-stm32.7-2018-q2-update.win32_1.5.0.202011040924/tools/bin/../lib/gcc/arm-none-eabi/7.3.1/../../../../arm-none-eabi/lib/thumb/v7e-m/fpv4-sp/hard\libc_nano.a(lib_a-reent.o)
 .ARM.attributes
                0x0000000000000ac2       0x34 c:/st/stm32cubeide_1.4.0/stm32cubeide/plugins/com.st.stm32cube.ide.mcu.externaltools.gnu-tools-for-stm32.7-2018-q2-update.win32_1.5.0.202011040924/tools/bin/../lib/gcc/arm-none-eabi/7.3.1/../../../../arm-none-eabi/lib/thumb/v7e-m/fpv4-sp/hard\libc_nano.a(lib_a-nano-msizer.o)
 .ARM.attributes
                0x0000000000000af6       0x22 c:/st/stm32cubeide_1.4.0/stm32cubeide/plugins/com.st.stm32cube.ide.mcu.externaltools.gnu-tools-for-stm32.7-2018-q2-update.win32_1.5.0.202011040924/tools/bin/../lib/gcc/arm-none-eabi/7.3.1/thumb/v7e-m/fpv4-sp/hard\libgcc.a(_arm_addsubdf3.o)
 .ARM.attributes
                0x0000000000000b18       0x22 c:/st/stm32cubeide_1.4.0/stm32cubeide/plugins/com.st.stm32cube.ide.mcu.externaltools.gnu-tools-for-stm32.7-2018-q2-update.win32_1.5.0.202011040924/tools/bin/../lib/gcc/arm-none-eabi/7.3.1/thumb/v7e-m/fpv4-sp/hard\libgcc.a(_arm_muldivdf3.o)